ASxxxx Linker V03.00 + NoICE + sdld,  page 1.
Hexadecimal  [32-Bits]

Area                                    Addr        Size        Decimal Bytes (Attributes)
--------------------------------        ----        ----        ------- ----- ------------
CABS                                00000000    00000000 =           0. bytes (ABS,CON,CODE)

      Value  Global                              Global Defined In Module
      -----  --------------------------------   ------------------------
C:   00000000  l_BIT_BANK                      
C:   00000000  l_CABS                          
C:   00000000  l_GSINIT1                       
C:   00000000  l_GSINIT5                       
C:   00000000  l_IABS                          
C:   00000000  l_ISEG                          
C:   00000000  l_OSEG                          
C:   00000000  l_PSEG                          
C:   00000000  l_REG_BANK_2                    
C:   00000000  l_REG_BANK_3                    
C:   00000000  l_RSEG                          
C:   00000000  l_RSEG0                         
C:   00000000  l_RSEG1                         
C:   00000000  l_XABS                          
C:   00000000  l_XINIT                         
C:   00000000  l_XISEG                         
C:   00000000  l_XSEG                          
C:   00000000  l__CODE                         
C:   00000000  s_BSEG                          
C:   00000000  s_CABS                          
C:   00000000  s_DSEG                          
C:   00000000  s_HOME                          
C:   00000000  s_IABS                          
C:   00000000  s_ISEG                          
C:   00000000  s_PSEG                          
C:   00000000  s_REG_BANK_0                    
C:   00000000  s_RSEG                          
C:   00000000  s_RSEG0                         
C:   00000000  s_RSEG1                         
C:   00000000  s_XABS                          
C:   00000000  s_XISEG                         
C:   00000000  s_XSEG                          
C:   00000001  l_BSEG_BYTES                    
C:   00000003  l_BSEG                          
C:   00000003  l_GSFINAL                       
C:   00000003  l_GSINIT0                       
C:   00000008  l_REG_BANK_0                    
C:   00000008  l_REG_BANK_1                    
C:   00000008  s_REG_BANK_1                    
C:   0000000A  l_GSINIT2                       
C:   00000010  s_REG_BANK_2                    
C:   00000011  l_HOME                          
C:   00000011  s_GSINIT0                       
C:   00000014  s_GSINIT1                       
C:   00000014  s_GSINIT2                       
C:   00000018  s_BIT_BANK                      
C:   00000018  s_OSEG                          
C:   00000018  s_REG_BANK_3                    
C:   0000001E  s_GSINIT3                       
C:   00000020  s_BSEG_BYTES                    
ASxxxx Linker V03.00 + NoICE + sdld,  page 2.
Hexadecimal  [32-Bits]

Area                                    Addr        Size        Decimal Bytes (Attributes)
--------------------------------        ----        ----        ------- ----- ------------
CABS                                00000000    00000000 =           0. bytes (ABS,CON,CODE)

      Value  Global                              Global Defined In Module
      -----  --------------------------------   ------------------------
C:   00000020  s__CODE                         
C:   00000022  l_GSINIT3                       
C:   00000025  l_SSEG                          
C:   0000002A  l_GSINIT4                       
C:   00000040  s_GSINIT4                       
C:   0000005B  s_SSEG                          
C:   0000006A  s_GSINIT                        
C:   0000006A  s_GSINIT5                       
C:   00000070  l_DSEG                          
C:   00000074  l_GSINIT                        
C:   00000080  l_IRAM                          
C:   00000082  l_CONST                         
C:   000000DE  s_GSFINAL                       
C:   000000E1  s_CSEG                          
C:   000009BA  l_CSEG                          
C:   00000A9B  s_CONST                         
C:   00000B1D  s_XINIT                         

ASxxxx Linker V03.00 + NoICE + sdld,  page 3.
Hexadecimal  [32-Bits]

Area                                    Addr        Size        Decimal Bytes (Attributes)
--------------------------------        ----        ----        ------- ----- ------------
.  .ABS.                            00000000    00000000 =           0. bytes (ABS,CON)

      Value  Global                              Global Defined In Module
      -----  --------------------------------   ------------------------
     00000000  .__.ABS.                           _startup
     00000080  G$P0$0$0                           LEDBlink
     00000080  G$P0_0$0$0                         LEDBlink
     00000080  _P0                                LEDBlink
     00000080  _P0_0                              LEDBlink
     00000081  G$P0_1$0$0                         LEDBlink
     00000081  G$SP$0$0                           LEDBlink
     00000081  _P0_1                              LEDBlink
     00000081  _SP                                LEDBlink
     00000082  G$DPL$0$0                          LEDBlink
     00000082  G$P0_2$0$0                         LEDBlink
     00000082  _DPL                               LEDBlink
     00000082  _P0_2                              LEDBlink
     00000083  G$DPH$0$0                          LEDBlink
     00000083  G$P0_3$0$0                         LEDBlink
     00000083  _DPH                               LEDBlink
     00000083  _P0_3                              LEDBlink
     00000084  G$P0_4$0$0                         LEDBlink
     00000084  _P0_4                              LEDBlink
     00000085  G$P0_5$0$0                         LEDBlink
     00000085  _P0_5                              LEDBlink
     00000086  G$P0_6$0$0                         LEDBlink
     00000086  _P0_6                              LEDBlink
     00000087  G$P0_7$0$0                         LEDBlink
     00000087  G$PCON$0$0                         LEDBlink
     00000087  _P0_7                              LEDBlink
     00000087  _PCON                              LEDBlink
     00000088  G$IT0$0$0                          LEDBlink
     00000088  G$TCON$0$0                         LEDBlink
     00000088  _IT0                               LEDBlink
     00000088  _TCON                              LEDBlink
     00000089  G$IE0$0$0                          LEDBlink
     00000089  G$TMOD$0$0                         LEDBlink
     00000089  _IE0                               LEDBlink
     00000089  _TMOD                              LEDBlink
     0000008A  G$IT1$0$0                          LEDBlink
     0000008A  G$TL0$0$0                          LEDBlink
     0000008A  _IT1                               LEDBlink
     0000008A  _TL0                               LEDBlink
     0000008B  G$IE1$0$0                          LEDBlink
     0000008B  G$TL1$0$0                          LEDBlink
     0000008B  _IE1                               LEDBlink
     0000008B  _TL1                               LEDBlink
     0000008C  G$TH0$0$0                          LEDBlink
     0000008C  G$TR0$0$0                          LEDBlink
     0000008C  _TH0                               LEDBlink
     0000008C  _TR0                               LEDBlink
     0000008D  G$TF0$0$0                          LEDBlink
     0000008D  G$TH1$0$0                          LEDBlink
     0000008D  _TF0                               LEDBlink
ASxxxx Linker V03.00 + NoICE + sdld,  page 4.
Hexadecimal  [32-Bits]

Area                                    Addr        Size        Decimal Bytes (Attributes)
--------------------------------        ----        ----        ------- ----- ------------
.  .ABS.                            00000000    00000000 =           0. bytes (ABS,CON)

      Value  Global                              Global Defined In Module
      -----  --------------------------------   ------------------------
     0000008D  _TH1                               LEDBlink
     0000008E  G$AUXR$0$0                         LEDBlink
     0000008E  G$TR1$0$0                          LEDBlink
     0000008E  _AUXR                              LEDBlink
     0000008E  _TR1                               LEDBlink
     0000008F  G$TF1$0$0                          LEDBlink
     0000008F  _TF1                               LEDBlink
     00000090  G$P1$0$0                           LEDBlink
     00000090  G$P1_0$0$0                         LEDBlink
     00000090  _P1                                LEDBlink
     00000090  _P1_0                              LEDBlink
     00000091  G$P1M1$0$0                         LEDBlink
     00000091  G$P1_1$0$0                         LEDBlink
     00000091  _P1M1                              LEDBlink
     00000091  _P1_1                              LEDBlink
     00000092  G$P1M0$0$0                         LEDBlink
     00000092  G$P1_2$0$0                         LEDBlink
     00000092  _P1M0                              LEDBlink
     00000092  _P1_2                              LEDBlink
     00000093  G$P0M1$0$0                         LEDBlink
     00000093  G$P1_3$0$0                         LEDBlink
     00000093  _P0M1                              LEDBlink
     00000093  _P1_3                              LEDBlink
     00000094  G$P0M0$0$0                         LEDBlink
     00000094  G$P1_4$0$0                         LEDBlink
     00000094  _P0M0                              LEDBlink
     00000094  _P1_4                              LEDBlink
     00000095  G$P1_5$0$0                         LEDBlink
     00000095  G$P2M1$0$0                         LEDBlink
     00000095  _P1_5                              LEDBlink
     00000095  _P2M1                              LEDBlink
     00000096  G$P1_6$0$0                         LEDBlink
     00000096  G$P2M0$0$0                         LEDBlink
     00000096  _P1_6                              LEDBlink
     00000096  _P2M0                              LEDBlink
     00000097  G$P1_7$0$0                         LEDBlink
     00000097  _P1_7                              LEDBlink
     00000098  G$RI$0$0                           LEDBlink
     00000098  G$SCON$0$0                         LEDBlink
     00000098  _RI                                LEDBlink
     00000098  _SCON                              LEDBlink
     00000099  G$SBUF$0$0                         LEDBlink
     00000099  G$TI$0$0                           LEDBlink
     00000099  _SBUF                              LEDBlink
     00000099  _TI                                LEDBlink
     0000009A  G$RB8$0$0                          LEDBlink
     0000009A  _RB8                               LEDBlink
     0000009B  G$TB8$0$0                          LEDBlink
     0000009B  _TB8                               LEDBlink
     0000009C  G$REN$0$0                          LEDBlink
     0000009C  _REN                               LEDBlink
ASxxxx Linker V03.00 + NoICE + sdld,  page 5.
Hexadecimal  [32-Bits]

Area                                    Addr        Size        Decimal Bytes (Attributes)
--------------------------------        ----        ----        ------- ----- ------------
.  .ABS.                            00000000    00000000 =           0. bytes (ABS,CON)

      Value  Global                              Global Defined In Module
      -----  --------------------------------   ------------------------
     0000009D  G$SM2$0$0                          LEDBlink
     0000009D  _SM2                               LEDBlink
     0000009E  G$SM1$0$0                          LEDBlink
     0000009E  _SM1                               LEDBlink
     0000009F  G$SM0$0$0                          LEDBlink
     0000009F  _SM0                               LEDBlink
     000000A0  G$P2$0$0                           LEDBlink
     000000A0  G$P2_0$0$0                         LEDBlink
     000000A0  _P2                                LEDBlink
     000000A0  _P2_0                              LEDBlink
     000000A0  __XPAGE                            
     000000A1  G$P2_1$0$0                         LEDBlink
     000000A1  _P2_1                              LEDBlink
     000000A2  G$P2_2$0$0                         LEDBlink
     000000A2  _P2_2                              LEDBlink
     000000A3  G$P2_3$0$0                         LEDBlink
     000000A3  _P2_3                              LEDBlink
     000000A4  G$P2_4$0$0                         LEDBlink
     000000A4  _P2_4                              LEDBlink
     000000A5  G$P2_5$0$0                         LEDBlink
     000000A5  _P2_5                              LEDBlink
     000000A6  G$P2_6$0$0                         LEDBlink
     000000A6  _P2_6                              LEDBlink
     000000A7  G$P2_7$0$0                         LEDBlink
     000000A7  _P2_7                              LEDBlink
     000000A8  G$EX0$0$0                          LEDBlink
     000000A8  G$IE$0$0                           LEDBlink
     000000A8  _EX0                               LEDBlink
     000000A8  _IE                                LEDBlink
     000000A9  G$ET0$0$0                          LEDBlink
     000000A9  _ET0                               LEDBlink
     000000AA  G$EX1$0$0                          LEDBlink
     000000AA  _EX1                               LEDBlink
     000000AB  G$ET1$0$0                          LEDBlink
     000000AB  _ET1                               LEDBlink
     000000AC  G$ES$0$0                           LEDBlink
     000000AC  _ES                                LEDBlink
     000000AF  G$EA$0$0                           LEDBlink
     000000AF  _EA                                LEDBlink
     000000B0  G$P3$0$0                           LEDBlink
     000000B0  G$P3_0$0$0                         LEDBlink
     000000B0  G$RXD$0$0                          LEDBlink
     000000B0  _P3                                LEDBlink
     000000B0  _P3_0                              LEDBlink
     000000B0  _RXD                               LEDBlink
     000000B1  G$P3M1$0$0                         LEDBlink
     000000B1  G$P3_1$0$0                         LEDBlink
     000000B1  G$TXD$0$0                          LEDBlink
     000000B1  _P3M1                              LEDBlink
     000000B1  _P3_1                              LEDBlink
     000000B1  _TXD                               LEDBlink
ASxxxx Linker V03.00 + NoICE + sdld,  page 6.
Hexadecimal  [32-Bits]

Area                                    Addr        Size        Decimal Bytes (Attributes)
--------------------------------        ----        ----        ------- ----- ------------
.  .ABS.                            00000000    00000000 =           0. bytes (ABS,CON)

      Value  Global                              Global Defined In Module
      -----  --------------------------------   ------------------------
     000000B2  G$INT0$0$0                         LEDBlink
     000000B2  G$P3M0$0$0                         LEDBlink
     000000B2  G$P3_2$0$0                         LEDBlink
     000000B2  _INT0                              LEDBlink
     000000B2  _P3M0                              LEDBlink
     000000B2  _P3_2                              LEDBlink
     000000B3  G$INT1$0$0                         LEDBlink
     000000B3  G$P3_3$0$0                         LEDBlink
     000000B3  G$P4M1$0$0                         LEDBlink
     000000B3  _INT1                              LEDBlink
     000000B3  _P3_3                              LEDBlink
     000000B3  _P4M1                              LEDBlink
     000000B4  G$P3_4$0$0                         LEDBlink
     000000B4  G$P4M0$0$0                         LEDBlink
     000000B4  G$T0$0$0                           LEDBlink
     000000B4  _P3_4                              LEDBlink
     000000B4  _P4M0                              LEDBlink
     000000B4  _T0                                LEDBlink
     000000B5  G$P3_5$0$0                         LEDBlink
     000000B5  G$T1$0$0                           LEDBlink
     000000B5  _P3_5                              LEDBlink
     000000B5  _T1                                LEDBlink
     000000B6  G$P3_6$0$0                         LEDBlink
     000000B6  G$WR$0$0                           LEDBlink
     000000B6  _P3_6                              LEDBlink
     000000B6  _WR                                LEDBlink
     000000B7  G$P3_7$0$0                         LEDBlink
     000000B7  G$RD$0$0                           LEDBlink
     000000B7  _P3_7                              LEDBlink
     000000B7  _RD                                LEDBlink
     000000B8  G$IP$0$0                           LEDBlink
     000000B8  G$PX0$0$0                          LEDBlink
     000000B8  _IP                                LEDBlink
     000000B8  _PX0                               LEDBlink
     000000B9  G$PT0$0$0                          LEDBlink
     000000B9  _PT0                               LEDBlink
     000000BA  G$PX1$0$0                          LEDBlink
     000000BA  _PX1                               LEDBlink
     000000BB  G$PT1$0$0                          LEDBlink
     000000BB  _PT1                               LEDBlink
     000000BC  G$PS$0$0                           LEDBlink
     000000BC  _PS                                LEDBlink
     000000C9  G$P5M1$0$0                         LEDBlink
     000000C9  _P5M1                              LEDBlink
     000000CA  G$P5M0$0$0                         LEDBlink
     000000CA  _P5M0                              LEDBlink
     000000D0  G$P$0$0                            LEDBlink
     000000D0  G$PSW$0$0                          LEDBlink
     000000D0  _P                                 LEDBlink
     000000D0  _PSW                               LEDBlink
     000000D1  G$F1$0$0                           LEDBlink
ASxxxx Linker V03.00 + NoICE + sdld,  page 7.
Hexadecimal  [32-Bits]

Area                                    Addr        Size        Decimal Bytes (Attributes)
--------------------------------        ----        ----        ------- ----- ------------
.  .ABS.                            00000000    00000000 =           0. bytes (ABS,CON)

      Value  Global                              Global Defined In Module
      -----  --------------------------------   ------------------------
     000000D1  _F1                                LEDBlink
     000000D2  G$OV$0$0                           LEDBlink
     000000D2  _OV                                LEDBlink
     000000D3  G$RS0$0$0                          LEDBlink
     000000D3  _RS0                               LEDBlink
     000000D4  G$RS1$0$0                          LEDBlink
     000000D4  _RS1                               LEDBlink
     000000D5  G$F0$0$0                           LEDBlink
     000000D5  _F0                                LEDBlink
     000000D6  G$AC$0$0                           LEDBlink
     000000D6  _AC                                LEDBlink
     000000D7  G$CY$0$0                           LEDBlink
     000000D7  _CY                                LEDBlink
     000000E0  G$ACC$0$0                          LEDBlink
     000000E0  _ACC                               LEDBlink
     000000F0  G$B$0$0                            LEDBlink
     000000F0  _B                                 LEDBlink
     000000F5  _B_5                               _gptrget
     000000F6  _B_6                               _gptrget
     000000F7  _B_7                               _gptrget

ASxxxx Linker V03.00 + NoICE + sdld,  page 8.
Hexadecimal  [32-Bits]

Area                                    Addr        Size        Decimal Bytes (Attributes)
--------------------------------        ----        ----        ------- ----- ------------
BSEG_BYTES                          00000020    00000001 =           1. bytes (REL,CON)

      Value  Global                              Global Defined In Module
      -----  --------------------------------   ------------------------
ASxxxx Linker V03.00 + NoICE + sdld,  page 9.
Hexadecimal  [32-Bits]

Area                                    Addr        Size        Decimal Bytes (Attributes)
--------------------------------        ----        ----        ------- ----- ------------
REG_BANK_0                          00000000    00000008 =           8. bytes (REL,OVR)

      Value  Global                              Global Defined In Module
      -----  --------------------------------   ------------------------
ASxxxx Linker V03.00 + NoICE + sdld,  page 10.
Hexadecimal  [32-Bits]

Area                                    Addr        Size        Decimal Bytes (Attributes)
--------------------------------        ----        ----        ------- ----- ------------
REG_BANK_1                          00000008    00000008 =           8. bytes (REL,OVR)

      Value  Global                              Global Defined In Module
      -----  --------------------------------   ------------------------
ASxxxx Linker V03.00 + NoICE + sdld,  page 11.
Hexadecimal  [32-Bits]

Area                                    Addr        Size        Decimal Bytes (Attributes)
--------------------------------        ----        ----        ------- ----- ------------
DSEG                                00000000    00000070 =         112. bytes (REL,CON)

      Value  Global                              Global Defined In Module
      -----  --------------------------------   ------------------------
     00000021  FLEDBlink$SystemTimeInMs$0$0       LEDBlink
     00000023  FLEDBlink$LCD_PINS_SHIFT_REG_VAL   LEDBlink
     00000024  LLEDBlink.LCD_SEND_8BITS$isComma   LEDBlink
     00000024  _LCD_SEND_8BITS_PARM_2             LEDBlink
     00000025  LLEDBlink.LCD_CMD_SET_CURSOR$row   LEDBlink
     00000025  _LCD_CMD_SET_CURSOR_PARM_2         LEDBlink
     00000026  LLEDBlink.LCD_CMD_UPLOAD_CUSTOM_   LEDBlink
     00000026  _LCD_CMD_UPLOAD_CUSTOM_CHAR_PARM   LEDBlink
     00000029  LLEDBlink.LCD_PRINT$col$1$69       LEDBlink
     00000029  _LCD_PRINT_PARM_2                  LEDBlink
     0000002A  LLEDBlink.LCD_PRINT$row$1$69       LEDBlink
     0000002A  _LCD_PRINT_PARM_3                  LEDBlink
     0000002B  FLEDBlink$Tetris_Board$0$0         LEDBlink
     0000003D  LLEDBlink.SetBoard$y$1$78          LEDBlink
     0000003D  _SetBoard_PARM_2                   LEDBlink
     0000003E  LLEDBlink.SetBoard$set$1$78        LEDBlink
     0000003E  _SetBoard_PARM_3                   LEDBlink
     0000003F  LLEDBlink.GetBoard$y$1$83          LEDBlink
     0000003F  _GetBoard_PARM_2                   LEDBlink
     00000040  LLEDBlink.PrintBoard$columns$1$8   LEDBlink
     00000040  _PrintBoard_PARM_2                 LEDBlink
     00000041  LLEDBlink.PrintBoard$part1$4$90    LEDBlink
     00000042  G$g_ShapeX$0$0                     LEDBlink
     00000042  _g_ShapeX                          LEDBlink
     00000043  G$g_ShapeY$0$0                     LEDBlink
     00000043  _g_ShapeY                          LEDBlink
     00000044  G$g_ShapeType$0$0                  LEDBlink
     00000044  _g_ShapeType                       LEDBlink
     00000045  G$g_ShapeRotation$0$0              LEDBlink
     00000045  _g_ShapeRotation                   LEDBlink
     00000046  LLEDBlink.GetShapeData$y$1$91      LEDBlink
     00000046  _GetShapeData_PARM_2               LEDBlink
     00000047  LLEDBlink.GetShapeData$shapePart   LEDBlink
     0000004B  LLEDBlink.CheckMoveAllowed$newY$   LEDBlink
     0000004B  _CheckMoveAllowed_PARM_2           LEDBlink
     0000004C  FLEDBlink$g_PreviousTimeInMs$0$0   LEDBlink
     0000004E  FLEDBlink$g_ButtonTime$0$0         LEDBlink
     00000050  FLEDBlink$g_FallTime$0$0           LEDBlink
     00000052  FLEDBlink$g_FallIntervalInMs$0$0   LEDBlink
     00000054  LLEDBlink.GetInput$rotateButtonA   LEDBlink
     00000055  LLEDBlink.GetInput$leftButtonAct   LEDBlink
     00000056  LLEDBlink.GetInput$rightButtonAc   LEDBlink
     00000057  LLEDBlink.GetInput$downButtonAct   LEDBlink
     00000058  LLEDBlink.GetInput$gameOverDetec   LEDBlink
     00000059  LLEDBlink.ShiftTheBoard$linesToS   LEDBlink
     0000005A  LLEDBlink.ShiftTheBoard$i$1$130    LEDBlink

ASxxxx Linker V03.00 + NoICE + sdld,  page 12.
Hexadecimal  [32-Bits]

Area                                    Addr        Size        Decimal Bytes (Attributes)
--------------------------------        ----        ----        ------- ----- ------------
SSEG                                0000005B    00000025 =          37. bytes (REL,OVR)

      Value  Global                              Global Defined In Module
      -----  --------------------------------   ------------------------
     0000005B  __start__stack                     LEDBlink

ASxxxx Linker V03.00 + NoICE + sdld,  page 13.
Hexadecimal  [32-Bits]

Area                                    Addr        Size        Decimal Bytes (Attributes)
--------------------------------        ----        ----        ------- ----- ------------
HOME                                00000000    00000011 =          17. bytes (REL,CON,CODE)

      Value  Global                              Global Defined In Module
      -----  --------------------------------   ------------------------
C:   00000000  A$LEDBlink$566                     LEDBlink
C:   00000003  A$LEDBlink$567                     LEDBlink
C:   0000000B  A$LEDBlink$569                     LEDBlink
C:   0000000E  A$LEDBlink$686                     LEDBlink
C:   0000000E  __sdcc_program_startup             LEDBlink

ASxxxx Linker V03.00 + NoICE + sdld,  page 14.
Hexadecimal  [32-Bits]

Area                                    Addr        Size        Decimal Bytes (Attributes)
--------------------------------        ----        ----        ------- ----- ------------
GSINIT0                             00000011    00000003 =           3. bytes (REL,CON,CODE)

      Value  Global                              Global Defined In Module
      -----  --------------------------------   ------------------------
C:   00000011  __sdcc_gsinit_startup              

ASxxxx Linker V03.00 + NoICE + sdld,  page 15.
Hexadecimal  [32-Bits]

Area                                    Addr        Size        Decimal Bytes (Attributes)
--------------------------------        ----        ----        ------- ----- ------------
GSINIT2                             00000014    0000000A =          10. bytes (REL,CON,CODE)

      Value  Global                              Global Defined In Module
      -----  --------------------------------   ------------------------
ASxxxx Linker V03.00 + NoICE + sdld,  page 16.
Hexadecimal  [32-Bits]

Area                                    Addr        Size        Decimal Bytes (Attributes)
--------------------------------        ----        ----        ------- ----- ------------
GSINIT3                             0000001E    00000022 =          34. bytes (REL,CON,CODE)

      Value  Global                              Global Defined In Module
      -----  --------------------------------   ------------------------
C:   0000001E  __mcs51_genXINIT                   

ASxxxx Linker V03.00 + NoICE + sdld,  page 17.
Hexadecimal  [32-Bits]

Area                                    Addr        Size        Decimal Bytes (Attributes)
--------------------------------        ----        ----        ------- ----- ------------
GSINIT4                             00000040    0000002A =          42. bytes (REL,CON,CODE)

      Value  Global                              Global Defined In Module
      -----  --------------------------------   ------------------------
C:   00000040  __mcs51_genRAMCLEAR                
C:   00000046  __mcs51_genXRAMCLEAR               

ASxxxx Linker V03.00 + NoICE + sdld,  page 18.
Hexadecimal  [32-Bits]

Area                                    Addr        Size        Decimal Bytes (Attributes)
--------------------------------        ----        ----        ------- ----- ------------
GSINIT                              0000006A    00000074 =         116. bytes (REL,CON,CODE)

      Value  Global                              Global Defined In Module
      -----  --------------------------------   ------------------------
C:   0000006A  A$LEDBlink$597                     LEDBlink
C:   0000006A  C$TetrisLogic.c$463$1$106          LEDBlink
C:   0000006C  A$LEDBlink$600                     LEDBlink
C:   0000006C  C$TetrisLogic.c$464$1$106          LEDBlink
C:   0000006E  A$LEDBlink$603                     LEDBlink
C:   0000006E  C$TetrisLogic.c$465$1$106          LEDBlink
C:   00000071  A$LEDBlink$606                     LEDBlink
C:   00000071  C$TetrisLogic.c$466$1$106          LEDBlink
C:   00000074  A$LEDBlink$609                     LEDBlink
C:   00000074  C$TetrisLogic.c$467$1$106          LEDBlink
C:   00000077  A$LEDBlink$612                     LEDBlink
C:   00000077  C$TetrisLogic.c$468$1$106          LEDBlink
C:   0000007A  A$LEDBlink$615                     LEDBlink
C:   0000007A  C$TetrisLogic.c$469$1$106          LEDBlink
C:   0000007D  A$LEDBlink$618                     LEDBlink
C:   0000007D  C$Timing.c$131$1$149               LEDBlink
C:   0000007E  A$LEDBlink$619                     LEDBlink
C:   00000080  A$LEDBlink$620                     LEDBlink
C:   00000082  A$LEDBlink$623                     LEDBlink
C:   00000082  C$LCDInterface.c$6$1$149           LEDBlink
C:   00000085  A$LEDBlink$626                     LEDBlink
C:   00000085  C$TetrisLogic.c$41$1$149           LEDBlink
C:   00000088  A$LEDBlink$627                     LEDBlink
C:   0000008B  A$LEDBlink$628                     LEDBlink
C:   0000008E  A$LEDBlink$629                     LEDBlink
C:   00000091  A$LEDBlink$630                     LEDBlink
C:   00000094  A$LEDBlink$631                     LEDBlink
C:   00000097  A$LEDBlink$632                     LEDBlink
C:   0000009A  A$LEDBlink$633                     LEDBlink
C:   0000009D  A$LEDBlink$634                     LEDBlink
C:   000000A0  A$LEDBlink$635                     LEDBlink
C:   000000A3  A$LEDBlink$636                     LEDBlink
C:   000000A6  A$LEDBlink$637                     LEDBlink
C:   000000A9  A$LEDBlink$638                     LEDBlink
C:   000000AC  A$LEDBlink$639                     LEDBlink
C:   000000AF  A$LEDBlink$640                     LEDBlink
C:   000000B2  A$LEDBlink$641                     LEDBlink
C:   000000B5  A$LEDBlink$642                     LEDBlink
C:   000000B8  A$LEDBlink$643                     LEDBlink
C:   000000BB  A$LEDBlink$646                     LEDBlink
C:   000000BB  C$TetrisLogic.c$319$1$149          LEDBlink
C:   000000BE  A$LEDBlink$649                     LEDBlink
C:   000000BE  C$TetrisLogic.c$320$1$149          LEDBlink
C:   000000C1  A$LEDBlink$652                     LEDBlink
C:   000000C1  C$TetrisLogic.c$321$1$149          LEDBlink
C:   000000C4  A$LEDBlink$655                     LEDBlink
C:   000000C4  C$TetrisLogic.c$322$1$149          LEDBlink
C:   000000C7  A$LEDBlink$658                     LEDBlink
C:   000000C7  C$TetrisLogic.c$414$1$149          LEDBlink
C:   000000C8  A$LEDBlink$659                     LEDBlink
ASxxxx Linker V03.00 + NoICE + sdld,  page 19.
Hexadecimal  [32-Bits]

Area                                    Addr        Size        Decimal Bytes (Attributes)
--------------------------------        ----        ----        ------- ----- ------------
GSINIT                              0000006A    00000074 =         116. bytes (REL,CON,CODE)

      Value  Global                              Global Defined In Module
      -----  --------------------------------   ------------------------
C:   000000CA  A$LEDBlink$660                     LEDBlink
C:   000000CC  A$LEDBlink$663                     LEDBlink
C:   000000CC  C$TetrisLogic.c$415$1$149          LEDBlink
C:   000000CD  A$LEDBlink$664                     LEDBlink
C:   000000CF  A$LEDBlink$665                     LEDBlink
C:   000000D1  A$LEDBlink$668                     LEDBlink
C:   000000D1  C$TetrisLogic.c$416$1$149          LEDBlink
C:   000000D2  A$LEDBlink$669                     LEDBlink
C:   000000D4  A$LEDBlink$670                     LEDBlink
C:   000000D6  A$LEDBlink$673                     LEDBlink
C:   000000D6  C$TetrisLogic.c$417$1$149          LEDBlink
C:   000000D9  A$LEDBlink$674                     LEDBlink
C:   000000DC  A$LEDBlink$677                     LEDBlink
C:   000000DC  C$TetrisLogic.c$422$1$149          LEDBlink

ASxxxx Linker V03.00 + NoICE + sdld,  page 20.
Hexadecimal  [32-Bits]

Area                                    Addr        Size        Decimal Bytes (Attributes)
--------------------------------        ----        ----        ------- ----- ------------
GSFINAL                             000000DE    00000003 =           3. bytes (REL,CON,CODE)

      Value  Global                              Global Defined In Module
      -----  --------------------------------   ------------------------
C:   000000DE  A$LEDBlink$679                     LEDBlink

ASxxxx Linker V03.00 + NoICE + sdld,  page 21.
Hexadecimal  [32-Bits]

Area                                    Addr        Size        Decimal Bytes (Attributes)
--------------------------------        ----        ----        ------- ----- ------------
CSEG                                000000E1    000009BA =        2490. bytes (REL,CON,CODE)

      Value  Global                              Global Defined In Module
      -----  --------------------------------   ------------------------
C:   000000E1  A$LEDBlink$714                     LEDBlink
C:   000000E1  C$Timing.c$10$1$2                  LEDBlink
C:   000000E1  C$Timing.c$7$0$0                   LEDBlink
C:   000000E1  G$Delay1ms$0$0                     LEDBlink
C:   000000E1  _Delay1ms                          LEDBlink
C:   000000E3  A$LEDBlink$715                     LEDBlink
C:   000000E5  A$LEDBlink$719                     LEDBlink
C:   000000E5  C$Timing.c$13$2$3                  LEDBlink
C:   000000E6  A$LEDBlink$722                     LEDBlink
C:   000000E6  C$Timing.c$14$2$3                  LEDBlink
C:   000000E7  A$LEDBlink$725                     LEDBlink
C:   000000E7  C$Timing.c$15$2$3                  LEDBlink
C:   000000E8  A$LEDBlink$728                     LEDBlink
C:   000000E8  C$Timing.c$16$2$3                  LEDBlink
C:   000000E9  A$LEDBlink$731                     LEDBlink
C:   000000E9  C$Timing.c$17$2$3                  LEDBlink
C:   000000EA  A$LEDBlink$734                     LEDBlink
C:   000000EA  C$Timing.c$18$2$3                  LEDBlink
C:   000000EB  A$LEDBlink$737                     LEDBlink
C:   000000EB  C$Timing.c$19$2$3                  LEDBlink
C:   000000EC  A$LEDBlink$740                     LEDBlink
C:   000000EC  C$Timing.c$20$2$3                  LEDBlink
C:   000000ED  A$LEDBlink$743                     LEDBlink
C:   000000ED  C$Timing.c$21$2$3                  LEDBlink
C:   000000EE  A$LEDBlink$746                     LEDBlink
C:   000000EE  C$Timing.c$22$2$3                  LEDBlink
C:   000000EF  A$LEDBlink$749                     LEDBlink
C:   000000EF  C$Timing.c$23$2$3                  LEDBlink
C:   000000F0  A$LEDBlink$752                     LEDBlink
C:   000000F0  C$Timing.c$24$2$3                  LEDBlink
C:   000000F1  A$LEDBlink$755                     LEDBlink
C:   000000F1  C$Timing.c$25$2$3                  LEDBlink
C:   000000F2  A$LEDBlink$758                     LEDBlink
C:   000000F2  C$Timing.c$26$2$3                  LEDBlink
C:   000000F3  A$LEDBlink$761                     LEDBlink
C:   000000F3  C$Timing.c$27$2$3                  LEDBlink
C:   000000F4  A$LEDBlink$764                     LEDBlink
C:   000000F4  C$Timing.c$28$2$3                  LEDBlink
C:   000000F5  A$LEDBlink$767                     LEDBlink
C:   000000F5  C$Timing.c$29$2$3                  LEDBlink
C:   000000F6  A$LEDBlink$770                     LEDBlink
C:   000000F6  C$Timing.c$30$2$3                  LEDBlink
C:   000000F7  A$LEDBlink$773                     LEDBlink
C:   000000F7  C$Timing.c$31$2$3                  LEDBlink
C:   000000F8  A$LEDBlink$776                     LEDBlink
C:   000000F8  C$Timing.c$32$2$3                  LEDBlink
C:   000000F9  A$LEDBlink$779                     LEDBlink
C:   000000F9  C$Timing.c$33$2$3                  LEDBlink
C:   000000FA  A$LEDBlink$782                     LEDBlink
C:   000000FA  C$Timing.c$34$2$3                  LEDBlink
ASxxxx Linker V03.00 + NoICE + sdld,  page 22.
Hexadecimal  [32-Bits]

Area                                    Addr        Size        Decimal Bytes (Attributes)
--------------------------------        ----        ----        ------- ----- ------------
CSEG                                000000E1    000009BA =        2490. bytes (REL,CON,CODE)

      Value  Global                              Global Defined In Module
      -----  --------------------------------   ------------------------
C:   000000FB  A$LEDBlink$785                     LEDBlink
C:   000000FB  C$Timing.c$35$2$3                  LEDBlink
C:   000000FC  A$LEDBlink$788                     LEDBlink
C:   000000FC  C$Timing.c$36$2$3                  LEDBlink
C:   000000FD  A$LEDBlink$791                     LEDBlink
C:   000000FD  C$Timing.c$37$2$3                  LEDBlink
C:   000000FE  A$LEDBlink$794                     LEDBlink
C:   000000FE  C$Timing.c$38$2$3                  LEDBlink
C:   000000FF  A$LEDBlink$797                     LEDBlink
C:   000000FF  C$Timing.c$39$2$3                  LEDBlink
C:   00000100  A$LEDBlink$800                     LEDBlink
C:   00000100  C$Timing.c$40$2$3                  LEDBlink
C:   00000101  A$LEDBlink$803                     LEDBlink
C:   00000101  C$Timing.c$41$2$3                  LEDBlink
C:   00000102  A$LEDBlink$806                     LEDBlink
C:   00000102  C$Timing.c$42$2$3                  LEDBlink
C:   00000103  A$LEDBlink$809                     LEDBlink
C:   00000103  C$Timing.c$43$2$3                  LEDBlink
C:   00000104  A$LEDBlink$812                     LEDBlink
C:   00000104  C$Timing.c$44$2$3                  LEDBlink
C:   00000105  A$LEDBlink$815                     LEDBlink
C:   00000105  C$Timing.c$45$2$3                  LEDBlink
C:   00000106  A$LEDBlink$818                     LEDBlink
C:   00000106  C$Timing.c$46$2$3                  LEDBlink
C:   00000107  A$LEDBlink$821                     LEDBlink
C:   00000107  C$Timing.c$47$2$3                  LEDBlink
C:   00000108  A$LEDBlink$824                     LEDBlink
C:   00000108  C$Timing.c$48$2$3                  LEDBlink
C:   00000109  A$LEDBlink$827                     LEDBlink
C:   00000109  C$Timing.c$49$2$3                  LEDBlink
C:   0000010A  A$LEDBlink$830                     LEDBlink
C:   0000010A  C$Timing.c$50$2$3                  LEDBlink
C:   0000010B  A$LEDBlink$833                     LEDBlink
C:   0000010B  C$Timing.c$51$2$3                  LEDBlink
C:   0000010C  A$LEDBlink$836                     LEDBlink
C:   0000010C  C$Timing.c$52$2$3                  LEDBlink
C:   0000010D  A$LEDBlink$839                     LEDBlink
C:   0000010D  C$Timing.c$53$2$3                  LEDBlink
C:   0000010E  A$LEDBlink$842                     LEDBlink
C:   0000010E  C$Timing.c$54$2$3                  LEDBlink
C:   0000010F  A$LEDBlink$845                     LEDBlink
C:   0000010F  C$Timing.c$55$2$3                  LEDBlink
C:   00000110  A$LEDBlink$848                     LEDBlink
C:   00000110  C$Timing.c$56$2$3                  LEDBlink
C:   00000111  A$LEDBlink$851                     LEDBlink
C:   00000111  C$Timing.c$57$2$3                  LEDBlink
C:   00000112  A$LEDBlink$854                     LEDBlink
C:   00000112  C$Timing.c$58$2$3                  LEDBlink
C:   00000113  A$LEDBlink$857                     LEDBlink
C:   00000113  C$Timing.c$59$2$3                  LEDBlink
C:   00000114  A$LEDBlink$860                     LEDBlink
ASxxxx Linker V03.00 + NoICE + sdld,  page 23.
Hexadecimal  [32-Bits]

Area                                    Addr        Size        Decimal Bytes (Attributes)
--------------------------------        ----        ----        ------- ----- ------------
CSEG                                000000E1    000009BA =        2490. bytes (REL,CON,CODE)

      Value  Global                              Global Defined In Module
      -----  --------------------------------   ------------------------
C:   00000114  C$Timing.c$60$2$3                  LEDBlink
C:   00000115  A$LEDBlink$863                     LEDBlink
C:   00000115  C$Timing.c$61$2$3                  LEDBlink
C:   00000116  A$LEDBlink$866                     LEDBlink
C:   00000116  C$Timing.c$62$2$3                  LEDBlink
C:   00000117  A$LEDBlink$869                     LEDBlink
C:   00000117  C$Timing.c$63$2$3                  LEDBlink
C:   00000118  A$LEDBlink$872                     LEDBlink
C:   00000118  C$Timing.c$64$2$3                  LEDBlink
C:   00000119  A$LEDBlink$875                     LEDBlink
C:   00000119  C$Timing.c$65$2$3                  LEDBlink
C:   0000011A  A$LEDBlink$878                     LEDBlink
C:   0000011A  C$Timing.c$66$2$3                  LEDBlink
C:   0000011B  A$LEDBlink$881                     LEDBlink
C:   0000011B  C$Timing.c$67$2$3                  LEDBlink
C:   0000011C  A$LEDBlink$884                     LEDBlink
C:   0000011C  C$Timing.c$68$2$3                  LEDBlink
C:   0000011D  A$LEDBlink$887                     LEDBlink
C:   0000011D  C$Timing.c$69$2$3                  LEDBlink
C:   0000011E  A$LEDBlink$890                     LEDBlink
C:   0000011E  C$Timing.c$70$2$3                  LEDBlink
C:   0000011F  A$LEDBlink$893                     LEDBlink
C:   0000011F  C$Timing.c$71$2$3                  LEDBlink
C:   00000120  A$LEDBlink$896                     LEDBlink
C:   00000120  C$Timing.c$72$2$3                  LEDBlink
C:   00000121  A$LEDBlink$899                     LEDBlink
C:   00000121  C$Timing.c$73$2$3                  LEDBlink
C:   00000122  A$LEDBlink$902                     LEDBlink
C:   00000122  C$Timing.c$74$2$3                  LEDBlink
C:   00000123  A$LEDBlink$905                     LEDBlink
C:   00000123  C$Timing.c$75$2$3                  LEDBlink
C:   00000124  A$LEDBlink$908                     LEDBlink
C:   00000124  C$Timing.c$76$2$3                  LEDBlink
C:   00000125  A$LEDBlink$911                     LEDBlink
C:   00000125  C$Timing.c$77$2$3                  LEDBlink
C:   00000126  A$LEDBlink$914                     LEDBlink
C:   00000126  C$Timing.c$78$2$3                  LEDBlink
C:   00000127  A$LEDBlink$917                     LEDBlink
C:   00000127  C$Timing.c$79$2$3                  LEDBlink
C:   00000128  A$LEDBlink$920                     LEDBlink
C:   00000128  C$Timing.c$80$2$3                  LEDBlink
C:   00000129  A$LEDBlink$923                     LEDBlink
C:   00000129  C$Timing.c$81$2$3                  LEDBlink
C:   0000012A  A$LEDBlink$926                     LEDBlink
C:   0000012A  C$Timing.c$82$2$3                  LEDBlink
C:   0000012B  A$LEDBlink$929                     LEDBlink
C:   0000012B  C$Timing.c$83$2$3                  LEDBlink
C:   0000012C  A$LEDBlink$932                     LEDBlink
C:   0000012C  C$Timing.c$84$2$3                  LEDBlink
C:   0000012D  A$LEDBlink$935                     LEDBlink
C:   0000012D  C$Timing.c$85$2$3                  LEDBlink
ASxxxx Linker V03.00 + NoICE + sdld,  page 24.
Hexadecimal  [32-Bits]

Area                                    Addr        Size        Decimal Bytes (Attributes)
--------------------------------        ----        ----        ------- ----- ------------
CSEG                                000000E1    000009BA =        2490. bytes (REL,CON,CODE)

      Value  Global                              Global Defined In Module
      -----  --------------------------------   ------------------------
C:   0000012E  A$LEDBlink$938                     LEDBlink
C:   0000012E  C$Timing.c$86$2$3                  LEDBlink
C:   0000012F  A$LEDBlink$941                     LEDBlink
C:   0000012F  C$Timing.c$87$2$3                  LEDBlink
C:   00000130  A$LEDBlink$944                     LEDBlink
C:   00000130  C$Timing.c$88$2$3                  LEDBlink
C:   00000131  A$LEDBlink$947                     LEDBlink
C:   00000131  C$Timing.c$89$2$3                  LEDBlink
C:   00000132  A$LEDBlink$950                     LEDBlink
C:   00000132  C$Timing.c$90$2$3                  LEDBlink
C:   00000133  A$LEDBlink$953                     LEDBlink
C:   00000133  C$Timing.c$91$2$3                  LEDBlink
C:   00000134  A$LEDBlink$956                     LEDBlink
C:   00000134  C$Timing.c$92$2$3                  LEDBlink
C:   00000135  A$LEDBlink$959                     LEDBlink
C:   00000135  C$Timing.c$93$2$3                  LEDBlink
C:   00000136  A$LEDBlink$962                     LEDBlink
C:   00000136  C$Timing.c$94$2$3                  LEDBlink
C:   00000137  A$LEDBlink$965                     LEDBlink
C:   00000137  C$Timing.c$95$2$3                  LEDBlink
C:   00000138  A$LEDBlink$968                     LEDBlink
C:   00000138  C$Timing.c$96$2$3                  LEDBlink
C:   00000139  A$LEDBlink$971                     LEDBlink
C:   00000139  C$Timing.c$97$2$3                  LEDBlink
C:   0000013A  A$LEDBlink$974                     LEDBlink
C:   0000013A  C$Timing.c$98$2$3                  LEDBlink
C:   0000013B  A$LEDBlink$977                     LEDBlink
C:   0000013B  C$Timing.c$99$2$3                  LEDBlink
C:   0000013C  A$LEDBlink$980                     LEDBlink
C:   0000013C  C$Timing.c$100$2$3                 LEDBlink
C:   0000013D  A$LEDBlink$983                     LEDBlink
C:   0000013D  C$Timing.c$101$2$3                 LEDBlink
C:   0000013E  A$LEDBlink$986                     LEDBlink
C:   0000013E  C$Timing.c$102$2$3                 LEDBlink
C:   0000013F  A$LEDBlink$989                     LEDBlink
C:   0000013F  C$Timing.c$103$2$3                 LEDBlink
C:   00000140  A$LEDBlink$992                     LEDBlink
C:   00000140  C$Timing.c$104$2$3                 LEDBlink
C:   00000141  A$LEDBlink$995                     LEDBlink
C:   00000141  C$Timing.c$105$2$3                 LEDBlink
C:   00000142  A$LEDBlink$998                     LEDBlink
C:   00000142  C$Timing.c$106$2$3                 LEDBlink
C:   00000143  A$LEDBlink$1001                    LEDBlink
C:   00000143  C$Timing.c$107$2$3                 LEDBlink
C:   00000144  A$LEDBlink$1004                    LEDBlink
C:   00000144  C$Timing.c$108$2$3                 LEDBlink
C:   00000145  A$LEDBlink$1007                    LEDBlink
C:   00000145  C$Timing.c$109$2$3                 LEDBlink
C:   00000146  A$LEDBlink$1010                    LEDBlink
C:   00000146  C$Timing.c$110$2$3                 LEDBlink
C:   00000147  A$LEDBlink$1013                    LEDBlink
ASxxxx Linker V03.00 + NoICE + sdld,  page 25.
Hexadecimal  [32-Bits]

Area                                    Addr        Size        Decimal Bytes (Attributes)
--------------------------------        ----        ----        ------- ----- ------------
CSEG                                000000E1    000009BA =        2490. bytes (REL,CON,CODE)

      Value  Global                              Global Defined In Module
      -----  --------------------------------   ------------------------
C:   00000147  C$Timing.c$111$2$3                 LEDBlink
C:   00000148  A$LEDBlink$1016                    LEDBlink
C:   00000148  C$Timing.c$112$2$3                 LEDBlink
C:   00000149  A$LEDBlink$1019                    LEDBlink
C:   00000149  C$Timing.c$113$2$3                 LEDBlink
C:   0000014A  A$LEDBlink$1022                    LEDBlink
C:   0000014A  C$Timing.c$114$2$3                 LEDBlink
C:   0000014B  A$LEDBlink$1025                    LEDBlink
C:   0000014B  C$Timing.c$115$2$3                 LEDBlink
C:   0000014C  A$LEDBlink$1028                    LEDBlink
C:   0000014C  C$Timing.c$116$2$3                 LEDBlink
C:   0000014D  A$LEDBlink$1031                    LEDBlink
C:   0000014D  C$Timing.c$117$2$3                 LEDBlink
C:   0000014E  A$LEDBlink$1034                    LEDBlink
C:   0000014E  C$Timing.c$118$2$3                 LEDBlink
C:   0000014F  A$LEDBlink$1037                    LEDBlink
C:   0000014F  C$Timing.c$119$2$3                 LEDBlink
C:   00000150  A$LEDBlink$1040                    LEDBlink
C:   00000150  C$Timing.c$120$2$3                 LEDBlink
C:   00000151  A$LEDBlink$1043                    LEDBlink
C:   00000151  C$Timing.c$121$2$3                 LEDBlink
C:   00000152  A$LEDBlink$1046                    LEDBlink
C:   00000152  C$Timing.c$122$2$3                 LEDBlink
C:   00000153  A$LEDBlink$1049                    LEDBlink
C:   00000153  C$Timing.c$123$2$3                 LEDBlink
C:   00000154  A$LEDBlink$1052                    LEDBlink
C:   00000154  C$Timing.c$124$2$3                 LEDBlink
C:   00000155  A$LEDBlink$1055                    LEDBlink
C:   00000155  C$Timing.c$125$2$3                 LEDBlink
C:   00000156  A$LEDBlink$1058                    LEDBlink
C:   00000156  C$Timing.c$126$2$3                 LEDBlink
C:   00000157  A$LEDBlink$1061                    LEDBlink
C:   00000157  C$Timing.c$127$2$3                 LEDBlink
C:   00000158  A$LEDBlink$1062                    LEDBlink
C:   00000159  A$LEDBlink$1063                    LEDBlink
C:   0000015C  A$LEDBlink$1064                    LEDBlink
C:   0000015D  A$LEDBlink$1068                    LEDBlink
C:   0000015D  C$Timing.c$10$2$3                  LEDBlink
C:   0000015E  A$LEDBlink$1069                    LEDBlink
C:   0000015F  A$LEDBlink$1070                    LEDBlink
C:   00000161  A$LEDBlink$1073                    LEDBlink
C:   00000161  C$Timing.c$129$1$2                 LEDBlink
C:   00000161  XG$Delay1ms$0$0                    LEDBlink
C:   00000162  A$LEDBlink$1092                    LEDBlink
C:   00000162  C$Timing.c$133$1$2                 LEDBlink
C:   00000162  G$tm0_isr$0$0                      LEDBlink
C:   00000162  _tm0_isr                           LEDBlink
C:   00000164  A$LEDBlink$1093                    LEDBlink
C:   00000166  A$LEDBlink$1096                    LEDBlink
C:   00000166  C$Timing.c$135$1$4                 LEDBlink
C:   00000168  A$LEDBlink$1097                    LEDBlink
ASxxxx Linker V03.00 + NoICE + sdld,  page 26.
Hexadecimal  [32-Bits]

Area                                    Addr        Size        Decimal Bytes (Attributes)
--------------------------------        ----        ----        ------- ----- ------------
CSEG                                000000E1    000009BA =        2490. bytes (REL,CON,CODE)

      Value  Global                              Global Defined In Module
      -----  --------------------------------   ------------------------
C:   0000016A  A$LEDBlink$1098                    LEDBlink
C:   0000016C  A$LEDBlink$1099                    LEDBlink
C:   0000016D  A$LEDBlink$1100                    LEDBlink
C:   0000016F  A$LEDBlink$1101                    LEDBlink
C:   00000171  A$LEDBlink$1102                    LEDBlink
C:   00000173  A$LEDBlink$1103                    LEDBlink
C:   00000175  A$LEDBlink$1106                    LEDBlink
C:   00000175  C$Timing.c$136$1$4                 LEDBlink
C:   00000175  XG$tm0_isr$0$0                     LEDBlink
C:   00000176  A$LEDBlink$1131                    LEDBlink
C:   00000176  C$Timing.c$138$1$4                 LEDBlink
C:   00000176  C$Timing.c$142$1$5                 LEDBlink
C:   00000176  G$Start1MsSystemTimer$0$0          LEDBlink
C:   00000176  _Start1MsSystemTimer               LEDBlink
C:   00000179  A$LEDBlink$1134                    LEDBlink
C:   00000179  C$Timing.c$143$1$5                 LEDBlink
C:   0000017C  A$LEDBlink$1137                    LEDBlink
C:   0000017C  C$Timing.c$144$1$5                 LEDBlink
C:   0000017F  A$LEDBlink$1140                    LEDBlink
C:   0000017F  C$Timing.c$145$1$5                 LEDBlink
C:   00000182  A$LEDBlink$1143                    LEDBlink
C:   00000182  C$Timing.c$146$1$5                 LEDBlink
C:   00000184  A$LEDBlink$1146                    LEDBlink
C:   00000184  C$Timing.c$147$1$5                 LEDBlink
C:   00000186  A$LEDBlink$1149                    LEDBlink
C:   00000186  C$Timing.c$148$1$5                 LEDBlink
C:   00000188  A$LEDBlink$1152                    LEDBlink
C:   00000188  C$Timing.c$149$1$5                 LEDBlink
C:   00000188  XG$Start1MsSystemTimer$0$0         LEDBlink
C:   00000189  A$LEDBlink$1165                    LEDBlink
C:   00000189  C$Timing.c$151$1$5                 LEDBlink
C:   00000189  C$Timing.c$153$1$6                 LEDBlink
C:   00000189  G$GetSystemTimeInMs$0$0            LEDBlink
C:   00000189  _GetSystemTimeInMs                 LEDBlink
C:   0000018C  A$LEDBlink$1166                    LEDBlink
C:   0000018F  A$LEDBlink$1169                    LEDBlink
C:   0000018F  C$Timing.c$154$1$6                 LEDBlink
C:   0000018F  XG$GetSystemTimeInMs$0$0           LEDBlink
C:   00000190  A$LEDBlink$1195                    LEDBlink
C:   00000190  C$ShiftRegister.c$13$1$6           LEDBlink
C:   00000190  C$ShiftRegister.c$15$2$8           LEDBlink
C:   00000190  G$ShiftRegisterInit$0$0            LEDBlink
C:   00000190  _ShiftRegisterInit                 LEDBlink
C:   00000192  A$LEDBlink$1196                    LEDBlink
C:   00000194  A$LEDBlink$1197                    LEDBlink
C:   00000196  A$LEDBlink$1198                    LEDBlink
C:   00000197  A$LEDBlink$1199                    LEDBlink
C:   00000199  A$LEDBlink$1200                    LEDBlink
C:   0000019B  A$LEDBlink$1201                    LEDBlink
C:   0000019D  A$LEDBlink$1202                    LEDBlink
C:   0000019E  A$LEDBlink$1203                    LEDBlink
ASxxxx Linker V03.00 + NoICE + sdld,  page 27.
Hexadecimal  [32-Bits]

Area                                    Addr        Size        Decimal Bytes (Attributes)
--------------------------------        ----        ----        ------- ----- ------------
CSEG                                000000E1    000009BA =        2490. bytes (REL,CON,CODE)

      Value  Global                              Global Defined In Module
      -----  --------------------------------   ------------------------
C:   0000019F  A$LEDBlink$1204                    LEDBlink
C:   000001A1  A$LEDBlink$1205                    LEDBlink
C:   000001A2  A$LEDBlink$1206                    LEDBlink
C:   000001A4  A$LEDBlink$1209                    LEDBlink
C:   000001A4  C$ShiftRegister.c$16$2$8           LEDBlink
C:   000001A6  A$LEDBlink$1210                    LEDBlink
C:   000001A8  A$LEDBlink$1211                    LEDBlink
C:   000001AA  A$LEDBlink$1212                    LEDBlink
C:   000001AB  A$LEDBlink$1213                    LEDBlink
C:   000001AD  A$LEDBlink$1214                    LEDBlink
C:   000001AF  A$LEDBlink$1215                    LEDBlink
C:   000001B1  A$LEDBlink$1216                    LEDBlink
C:   000001B2  A$LEDBlink$1217                    LEDBlink
C:   000001B3  A$LEDBlink$1218                    LEDBlink
C:   000001B5  A$LEDBlink$1219                    LEDBlink
C:   000001B6  A$LEDBlink$1220                    LEDBlink
C:   000001B8  A$LEDBlink$1223                    LEDBlink
C:   000001B8  C$ShiftRegister.c$17$2$8           LEDBlink
C:   000001BA  A$LEDBlink$1224                    LEDBlink
C:   000001BC  A$LEDBlink$1225                    LEDBlink
C:   000001BE  A$LEDBlink$1226                    LEDBlink
C:   000001BF  A$LEDBlink$1227                    LEDBlink
C:   000001C1  A$LEDBlink$1228                    LEDBlink
C:   000001C3  A$LEDBlink$1229                    LEDBlink
C:   000001C5  A$LEDBlink$1230                    LEDBlink
C:   000001C6  A$LEDBlink$1231                    LEDBlink
C:   000001C7  A$LEDBlink$1232                    LEDBlink
C:   000001C9  A$LEDBlink$1233                    LEDBlink
C:   000001CA  A$LEDBlink$1234                    LEDBlink
C:   000001CC  A$LEDBlink$1237                    LEDBlink
C:   000001CC  C$ShiftRegister.c$18$2$8           LEDBlink
C:   000001CE  A$LEDBlink$1238                    LEDBlink
C:   000001D0  A$LEDBlink$1239                    LEDBlink
C:   000001D2  A$LEDBlink$1240                    LEDBlink
C:   000001D4  A$LEDBlink$1241                    LEDBlink
C:   000001D5  A$LEDBlink$1242                    LEDBlink
C:   000001D6  A$LEDBlink$1243                    LEDBlink
C:   000001D8  A$LEDBlink$1244                    LEDBlink
C:   000001D9  A$LEDBlink$1245                    LEDBlink
C:   000001DB  A$LEDBlink$1246                    LEDBlink
C:   000001DD  A$LEDBlink$1247                    LEDBlink
C:   000001DE  A$LEDBlink$1248                    LEDBlink
C:   000001E0  A$LEDBlink$1251                    LEDBlink
C:   000001E0  C$ShiftRegister.c$19$2$8           LEDBlink
C:   000001E2  A$LEDBlink$1252                    LEDBlink
C:   000001E4  A$LEDBlink$1253                    LEDBlink
C:   000001E6  A$LEDBlink$1254                    LEDBlink
C:   000001E8  A$LEDBlink$1255                    LEDBlink
C:   000001E9  A$LEDBlink$1256                    LEDBlink
C:   000001EA  A$LEDBlink$1257                    LEDBlink
C:   000001EC  A$LEDBlink$1258                    LEDBlink
ASxxxx Linker V03.00 + NoICE + sdld,  page 28.
Hexadecimal  [32-Bits]

Area                                    Addr        Size        Decimal Bytes (Attributes)
--------------------------------        ----        ----        ------- ----- ------------
CSEG                                000000E1    000009BA =        2490. bytes (REL,CON,CODE)

      Value  Global                              Global Defined In Module
      -----  --------------------------------   ------------------------
C:   000001ED  A$LEDBlink$1259                    LEDBlink
C:   000001EF  A$LEDBlink$1260                    LEDBlink
C:   000001F1  A$LEDBlink$1261                    LEDBlink
C:   000001F2  A$LEDBlink$1262                    LEDBlink
C:   000001F4  A$LEDBlink$1265                    LEDBlink
C:   000001F4  C$ShiftRegister.c$20$2$8           LEDBlink
C:   000001F6  A$LEDBlink$1266                    LEDBlink
C:   000001F8  A$LEDBlink$1267                    LEDBlink
C:   000001FA  A$LEDBlink$1268                    LEDBlink
C:   000001FC  A$LEDBlink$1269                    LEDBlink
C:   000001FD  A$LEDBlink$1270                    LEDBlink
C:   000001FE  A$LEDBlink$1271                    LEDBlink
C:   00000200  A$LEDBlink$1272                    LEDBlink
C:   00000201  A$LEDBlink$1273                    LEDBlink
C:   00000203  A$LEDBlink$1274                    LEDBlink
C:   00000205  A$LEDBlink$1275                    LEDBlink
C:   00000206  A$LEDBlink$1276                    LEDBlink
C:   00000208  A$LEDBlink$1279                    LEDBlink
C:   00000208  C$ShiftRegister.c$22$2$15          LEDBlink
C:   0000020A  A$LEDBlink$1280                    LEDBlink
C:   0000020B  A$LEDBlink$1281                    LEDBlink
C:   0000020C  A$LEDBlink$1282                    LEDBlink
C:   0000020D  A$LEDBlink$1283                    LEDBlink
C:   0000020E  A$LEDBlink$1284                    LEDBlink
C:   0000020F  A$LEDBlink$1287                    LEDBlink
C:   0000020F  C$ShiftRegister.c$23$2$17          LEDBlink
C:   00000211  A$LEDBlink$1288                    LEDBlink
C:   00000212  A$LEDBlink$1289                    LEDBlink
C:   00000213  A$LEDBlink$1290                    LEDBlink
C:   00000214  A$LEDBlink$1291                    LEDBlink
C:   00000215  A$LEDBlink$1292                    LEDBlink
C:   00000216  A$LEDBlink$1295                    LEDBlink
C:   00000216  C$ShiftRegister.c$24$2$19          LEDBlink
C:   00000218  A$LEDBlink$1296                    LEDBlink
C:   00000219  A$LEDBlink$1297                    LEDBlink
C:   0000021A  A$LEDBlink$1298                    LEDBlink
C:   0000021B  A$LEDBlink$1299                    LEDBlink
C:   0000021C  A$LEDBlink$1300                    LEDBlink
C:   0000021D  A$LEDBlink$1303                    LEDBlink
C:   0000021D  C$ShiftRegister.c$26$1$8           LEDBlink
C:   00000220  A$LEDBlink$1304                    LEDBlink
C:   00000223  A$LEDBlink$1307                    LEDBlink
C:   00000223  C$ShiftRegister.c$27$1$8           LEDBlink
C:   00000226  A$LEDBlink$1310                    LEDBlink
C:   00000226  C$ShiftRegister.c$28$1$8           LEDBlink
C:   00000226  XG$ShiftRegisterInit$0$0           LEDBlink
C:   00000227  A$LEDBlink$1324                    LEDBlink
C:   00000227  C$ShiftRegister.c$30$1$8           LEDBlink
C:   00000227  G$ShiftRegisterChangePinState$0$   LEDBlink
C:   00000227  _ShiftRegisterChangePinState       LEDBlink
C:   00000229  A$LEDBlink$1327                    LEDBlink
ASxxxx Linker V03.00 + NoICE + sdld,  page 29.
Hexadecimal  [32-Bits]

Area                                    Addr        Size        Decimal Bytes (Attributes)
--------------------------------        ----        ----        ------- ----- ------------
CSEG                                000000E1    000009BA =        2490. bytes (REL,CON,CODE)

      Value  Global                              Global Defined In Module
      -----  --------------------------------   ------------------------
C:   0000022B  A$LEDBlink$1331                    LEDBlink
C:   0000022B  C$ShiftRegister.c$36$2$23          LEDBlink
C:   0000022D  A$LEDBlink$1332                    LEDBlink
C:   0000022F  A$LEDBlink$1333                    LEDBlink
C:   00000231  A$LEDBlink$1334                    LEDBlink
C:   00000232  A$LEDBlink$1335                    LEDBlink
C:   00000233  A$LEDBlink$1336                    LEDBlink
C:   00000234  A$LEDBlink$1337                    LEDBlink
C:   00000235  A$LEDBlink$1338                    LEDBlink
C:   00000236  A$LEDBlink$1339                    LEDBlink
C:   00000237  A$LEDBlink$1340                    LEDBlink
C:   00000239  A$LEDBlink$1341                    LEDBlink
C:   0000023B  A$LEDBlink$1342                    LEDBlink
C:   0000023C  A$LEDBlink$1343                    LEDBlink
C:   0000023E  A$LEDBlink$1345                    LEDBlink
C:   0000023F  A$LEDBlink$1346                    LEDBlink
C:   00000240  A$LEDBlink$1348                    LEDBlink
C:   00000243  A$LEDBlink$1349                    LEDBlink
C:   00000246  A$LEDBlink$1352                    LEDBlink
C:   00000246  C$ShiftRegister.c$38$4$25          LEDBlink
C:   00000248  A$LEDBlink$1353                    LEDBlink
C:   00000249  A$LEDBlink$1354                    LEDBlink
C:   0000024A  A$LEDBlink$1355                    LEDBlink
C:   0000024B  A$LEDBlink$1356                    LEDBlink
C:   0000024C  A$LEDBlink$1357                    LEDBlink
C:   0000024D  A$LEDBlink$1358                    LEDBlink
C:   0000024E  A$LEDBlink$1359                    LEDBlink
C:   0000024F  A$LEDBlink$1360                    LEDBlink
C:   00000250  A$LEDBlink$1361                    LEDBlink
C:   00000251  A$LEDBlink$1362                    LEDBlink
C:   00000253  A$LEDBlink$1366                    LEDBlink
C:   00000253  C$ShiftRegister.c$42$4$27          LEDBlink
C:   00000255  A$LEDBlink$1367                    LEDBlink
C:   00000256  A$LEDBlink$1368                    LEDBlink
C:   00000257  A$LEDBlink$1369                    LEDBlink
C:   00000258  A$LEDBlink$1370                    LEDBlink
C:   00000259  A$LEDBlink$1371                    LEDBlink
C:   0000025A  A$LEDBlink$1375                    LEDBlink
C:   0000025A  C$ShiftRegister.c$46$3$29          LEDBlink
C:   0000025C  A$LEDBlink$1376                    LEDBlink
C:   0000025D  A$LEDBlink$1377                    LEDBlink
C:   0000025E  A$LEDBlink$1378                    LEDBlink
C:   0000025F  A$LEDBlink$1379                    LEDBlink
C:   00000260  A$LEDBlink$1380                    LEDBlink
C:   00000261  A$LEDBlink$1381                    LEDBlink
C:   00000262  A$LEDBlink$1382                    LEDBlink
C:   00000263  A$LEDBlink$1383                    LEDBlink
C:   00000264  A$LEDBlink$1384                    LEDBlink
C:   00000265  A$LEDBlink$1387                    LEDBlink
C:   00000265  C$ShiftRegister.c$47$3$30          LEDBlink
C:   00000267  A$LEDBlink$1388                    LEDBlink
ASxxxx Linker V03.00 + NoICE + sdld,  page 30.
Hexadecimal  [32-Bits]

Area                                    Addr        Size        Decimal Bytes (Attributes)
--------------------------------        ----        ----        ------- ----- ------------
CSEG                                000000E1    000009BA =        2490. bytes (REL,CON,CODE)

      Value  Global                              Global Defined In Module
      -----  --------------------------------   ------------------------
C:   00000268  A$LEDBlink$1389                    LEDBlink
C:   00000269  A$LEDBlink$1390                    LEDBlink
C:   0000026A  A$LEDBlink$1391                    LEDBlink
C:   0000026B  A$LEDBlink$1392                    LEDBlink
C:   0000026C  A$LEDBlink$1395                    LEDBlink
C:   0000026C  C$ShiftRegister.c$33$1$22          LEDBlink
C:   0000026D  A$LEDBlink$1396                    LEDBlink
C:   00000270  A$LEDBlink$1398                    LEDBlink
C:   00000272  A$LEDBlink$1401                    LEDBlink
C:   00000272  C$ShiftRegister.c$50$2$32          LEDBlink
C:   00000274  A$LEDBlink$1402                    LEDBlink
C:   00000275  A$LEDBlink$1403                    LEDBlink
C:   00000276  A$LEDBlink$1404                    LEDBlink
C:   00000277  A$LEDBlink$1405                    LEDBlink
C:   00000278  A$LEDBlink$1406                    LEDBlink
C:   00000279  A$LEDBlink$1409                    LEDBlink
C:   00000279  C$ShiftRegister.c$53$2$34          LEDBlink
C:   0000027B  A$LEDBlink$1410                    LEDBlink
C:   0000027C  A$LEDBlink$1411                    LEDBlink
C:   0000027D  A$LEDBlink$1412                    LEDBlink
C:   0000027E  A$LEDBlink$1413                    LEDBlink
C:   0000027F  A$LEDBlink$1414                    LEDBlink
C:   00000280  A$LEDBlink$1415                    LEDBlink
C:   00000281  A$LEDBlink$1416                    LEDBlink
C:   00000282  A$LEDBlink$1417                    LEDBlink
C:   00000283  A$LEDBlink$1418                    LEDBlink
C:   00000284  A$LEDBlink$1421                    LEDBlink
C:   00000284  C$ShiftRegister.c$54$2$35          LEDBlink
C:   00000286  A$LEDBlink$1422                    LEDBlink
C:   00000287  A$LEDBlink$1423                    LEDBlink
C:   00000288  A$LEDBlink$1424                    LEDBlink
C:   00000289  A$LEDBlink$1425                    LEDBlink
C:   0000028A  A$LEDBlink$1426                    LEDBlink
C:   0000028B  A$LEDBlink$1429                    LEDBlink
C:   0000028B  C$ShiftRegister.c$55$3$36          LEDBlink
C:   0000028B  XG$ShiftRegisterChangePinState$0   LEDBlink
C:   0000028C  A$LEDBlink$1442                    LEDBlink
C:   0000028C  C$LCDInterface.c$35$3$36           LEDBlink
C:   0000028C  C$LCDInterface.c$37$1$42           LEDBlink
C:   0000028C  FLEDBlink$LCD_PULSE_ENABLE_PIN$0   LEDBlink
C:   0000028E  A$LEDBlink$1443                    LEDBlink
C:   00000290  A$LEDBlink$1444                    LEDBlink
C:   00000291  A$LEDBlink$1445                    LEDBlink
C:   00000293  A$LEDBlink$1448                    LEDBlink
C:   00000293  C$LCDInterface.c$38$1$42           LEDBlink
C:   00000296  A$LEDBlink$1449                    LEDBlink
C:   00000299  A$LEDBlink$1452                    LEDBlink
C:   00000299  C$LCDInterface.c$39$2$43           LEDBlink
C:   0000029A  A$LEDBlink$1453                    LEDBlink
C:   0000029B  A$LEDBlink$1454                    LEDBlink
C:   0000029C  A$LEDBlink$1455                    LEDBlink
ASxxxx Linker V03.00 + NoICE + sdld,  page 31.
Hexadecimal  [32-Bits]

Area                                    Addr        Size        Decimal Bytes (Attributes)
--------------------------------        ----        ----        ------- ----- ------------
CSEG                                000000E1    000009BA =        2490. bytes (REL,CON,CODE)

      Value  Global                              Global Defined In Module
      -----  --------------------------------   ------------------------
C:   0000029D  A$LEDBlink$1456                    LEDBlink
C:   0000029E  A$LEDBlink$1459                    LEDBlink
C:   0000029E  C$LCDInterface.c$41$1$42           LEDBlink
C:   000002A1  A$LEDBlink$1462                    LEDBlink
C:   000002A1  C$LCDInterface.c$42$1$42           LEDBlink
C:   000002A4  A$LEDBlink$1463                    LEDBlink
C:   000002A7  A$LEDBlink$1466                    LEDBlink
C:   000002A7  C$LCDInterface.c$43$2$44           LEDBlink
C:   000002A8  A$LEDBlink$1467                    LEDBlink
C:   000002A9  A$LEDBlink$1468                    LEDBlink
C:   000002AA  A$LEDBlink$1469                    LEDBlink
C:   000002AB  A$LEDBlink$1470                    LEDBlink
C:   000002AC  A$LEDBlink$1473                    LEDBlink
C:   000002AC  C$LCDInterface.c$45$1$42           LEDBlink
C:   000002AE  A$LEDBlink$1474                    LEDBlink
C:   000002B0  A$LEDBlink$1475                    LEDBlink
C:   000002B1  A$LEDBlink$1476                    LEDBlink
C:   000002B3  A$LEDBlink$1479                    LEDBlink
C:   000002B3  C$LCDInterface.c$46$1$42           LEDBlink
C:   000002B6  A$LEDBlink$1480                    LEDBlink
C:   000002B9  A$LEDBlink$1483                    LEDBlink
C:   000002B9  C$LCDInterface.c$47$2$45           LEDBlink
C:   000002BA  A$LEDBlink$1484                    LEDBlink
C:   000002BB  A$LEDBlink$1485                    LEDBlink
C:   000002BC  A$LEDBlink$1486                    LEDBlink
C:   000002BD  A$LEDBlink$1487                    LEDBlink
C:   000002BE  A$LEDBlink$1490                    LEDBlink
C:   000002BE  C$LCDInterface.c$48$2$45           LEDBlink
C:   000002BE  XFLEDBlink$LCD_PULSE_ENABLE_PIN$   LEDBlink
C:   000002BF  A$LEDBlink$1505                    LEDBlink
C:   000002BF  C$LCDInterface.c$50$2$45           LEDBlink
C:   000002BF  C$LCDInterface.c$52$1$47           LEDBlink
C:   000002BF  G$LCD_SEND_4BITS$0$0               LEDBlink
C:   000002BF  _LCD_SEND_4BITS                    LEDBlink
C:   000002C1  A$LEDBlink$1506                    LEDBlink
C:   000002C2  A$LEDBlink$1507                    LEDBlink
C:   000002C5  A$LEDBlink$1510                    LEDBlink
C:   000002C5  C$LCDInterface.c$54$2$48           LEDBlink
C:   000002C8  A$LEDBlink$1511                    LEDBlink
C:   000002CA  A$LEDBlink$1515                    LEDBlink
C:   000002CA  C$LCDInterface.c$58$2$49           LEDBlink
C:   000002CC  A$LEDBlink$1516                    LEDBlink
C:   000002CE  A$LEDBlink$1517                    LEDBlink
C:   000002CF  A$LEDBlink$1518                    LEDBlink
C:   000002D1  A$LEDBlink$1522                    LEDBlink
C:   000002D1  C$LCDInterface.c$61$1$47           LEDBlink
C:   000002D2  A$LEDBlink$1523                    LEDBlink
C:   000002D5  A$LEDBlink$1526                    LEDBlink
C:   000002D5  C$LCDInterface.c$63$2$50           LEDBlink
C:   000002D8  A$LEDBlink$1527                    LEDBlink
C:   000002DA  A$LEDBlink$1531                    LEDBlink
ASxxxx Linker V03.00 + NoICE + sdld,  page 32.
Hexadecimal  [32-Bits]

Area                                    Addr        Size        Decimal Bytes (Attributes)
--------------------------------        ----        ----        ------- ----- ------------
CSEG                                000000E1    000009BA =        2490. bytes (REL,CON,CODE)

      Value  Global                              Global Defined In Module
      -----  --------------------------------   ------------------------
C:   000002DA  C$LCDInterface.c$67$2$51           LEDBlink
C:   000002DC  A$LEDBlink$1532                    LEDBlink
C:   000002DE  A$LEDBlink$1533                    LEDBlink
C:   000002DF  A$LEDBlink$1534                    LEDBlink
C:   000002E1  A$LEDBlink$1538                    LEDBlink
C:   000002E1  C$LCDInterface.c$70$1$47           LEDBlink
C:   000002E2  A$LEDBlink$1539                    LEDBlink
C:   000002E5  A$LEDBlink$1542                    LEDBlink
C:   000002E5  C$LCDInterface.c$72$2$52           LEDBlink
C:   000002E8  A$LEDBlink$1543                    LEDBlink
C:   000002EA  A$LEDBlink$1547                    LEDBlink
C:   000002EA  C$LCDInterface.c$76$2$53           LEDBlink
C:   000002EC  A$LEDBlink$1548                    LEDBlink
C:   000002EE  A$LEDBlink$1549                    LEDBlink
C:   000002EF  A$LEDBlink$1550                    LEDBlink
C:   000002F1  A$LEDBlink$1554                    LEDBlink
C:   000002F1  C$LCDInterface.c$79$1$47           LEDBlink
C:   000002F2  A$LEDBlink$1555                    LEDBlink
C:   000002F5  A$LEDBlink$1558                    LEDBlink
C:   000002F5  C$LCDInterface.c$81$2$54           LEDBlink
C:   000002F8  A$LEDBlink$1559                    LEDBlink
C:   000002FA  A$LEDBlink$1563                    LEDBlink
C:   000002FA  C$LCDInterface.c$85$2$55           LEDBlink
C:   000002FC  A$LEDBlink$1564                    LEDBlink
C:   000002FE  A$LEDBlink$1565                    LEDBlink
C:   000002FF  A$LEDBlink$1566                    LEDBlink
C:   00000301  A$LEDBlink$1570                    LEDBlink
C:   00000301  C$LCDInterface.c$88$1$47           LEDBlink
C:   00000304  A$LEDBlink$1571                    LEDBlink
C:   00000307  A$LEDBlink$1574                    LEDBlink
C:   00000307  C$LCDInterface.c$89$1$47           LEDBlink
C:   0000030A  A$LEDBlink$1577                    LEDBlink
C:   0000030A  C$LCDInterface.c$90$1$47           LEDBlink
C:   0000030A  XG$LCD_SEND_4BITS$0$0              LEDBlink
C:   0000030B  A$LEDBlink$1591                    LEDBlink
C:   0000030B  C$LCDInterface.c$92$1$47           LEDBlink
C:   0000030B  G$LCD_SEND_8BITS$0$0               LEDBlink
C:   0000030B  _LCD_SEND_8BITS                    LEDBlink
C:   0000030D  A$LEDBlink$1594                    LEDBlink
C:   0000030D  C$LCDInterface.c$94$1$57           LEDBlink
C:   0000030F  A$LEDBlink$1595                    LEDBlink
C:   00000311  A$LEDBlink$1598                    LEDBlink
C:   00000311  C$LCDInterface.c$96$2$58           LEDBlink
C:   00000313  A$LEDBlink$1599                    LEDBlink
C:   00000315  A$LEDBlink$1600                    LEDBlink
C:   00000316  A$LEDBlink$1601                    LEDBlink
C:   00000318  A$LEDBlink$1602                    LEDBlink
C:   0000031A  A$LEDBlink$1606                    LEDBlink
C:   0000031A  C$LCDInterface.c$100$2$59          LEDBlink
C:   0000031D  A$LEDBlink$1610                    LEDBlink
C:   0000031D  C$LCDInterface.c$102$1$57          LEDBlink
ASxxxx Linker V03.00 + NoICE + sdld,  page 33.
Hexadecimal  [32-Bits]

Area                                    Addr        Size        Decimal Bytes (Attributes)
--------------------------------        ----        ----        ------- ----- ------------
CSEG                                000000E1    000009BA =        2490. bytes (REL,CON,CODE)

      Value  Global                              Global Defined In Module
      -----  --------------------------------   ------------------------
C:   0000031E  A$LEDBlink$1611                    LEDBlink
C:   0000031F  A$LEDBlink$1612                    LEDBlink
C:   00000321  A$LEDBlink$1613                    LEDBlink
C:   00000322  A$LEDBlink$1614                    LEDBlink
C:   00000324  A$LEDBlink$1615                    LEDBlink
C:   00000325  A$LEDBlink$1616                    LEDBlink
C:   00000327  A$LEDBlink$1617                    LEDBlink
C:   00000329  A$LEDBlink$1618                    LEDBlink
C:   0000032C  A$LEDBlink$1619                    LEDBlink
C:   0000032E  A$LEDBlink$1622                    LEDBlink
C:   0000032E  C$LCDInterface.c$103$1$57          LEDBlink
C:   00000330  A$LEDBlink$1623                    LEDBlink
C:   00000331  A$LEDBlink$1624                    LEDBlink
C:   00000333  A$LEDBlink$1625                    LEDBlink
C:   00000336  A$LEDBlink$1628                    LEDBlink
C:   00000336  C$LCDInterface.c$104$1$57          LEDBlink
C:   00000336  XG$LCD_SEND_8BITS$0$0              LEDBlink
C:   00000337  A$LEDBlink$1643                    LEDBlink
C:   00000337  C$LCDInterface.c$106$1$57          LEDBlink
C:   00000337  C$LCDInterface.c$108$1$60          LEDBlink
C:   00000337  G$LCD_CMD_CLEAR$0$0                LEDBlink
C:   00000337  _LCD_CMD_CLEAR                     LEDBlink
C:   0000033A  A$LEDBlink$1644                    LEDBlink
C:   0000033D  A$LEDBlink$1645                    LEDBlink
C:   00000340  A$LEDBlink$1648                    LEDBlink
C:   00000340  C$LCDInterface.c$110$2$61          LEDBlink
C:   00000342  A$LEDBlink$1649                    LEDBlink
C:   00000344  A$LEDBlink$1651                    LEDBlink
C:   00000346  A$LEDBlink$1652                    LEDBlink
C:   00000348  A$LEDBlink$1653                    LEDBlink
C:   0000034B  A$LEDBlink$1654                    LEDBlink
C:   0000034D  A$LEDBlink$1655                    LEDBlink
C:   0000034F  A$LEDBlink$1656                    LEDBlink
C:   00000350  A$LEDBlink$1657                    LEDBlink
C:   00000353  A$LEDBlink$1658                    LEDBlink
C:   00000354  A$LEDBlink$1660                    LEDBlink
C:   00000355  A$LEDBlink$1661                    LEDBlink
C:   00000356  A$LEDBlink$1662                    LEDBlink
C:   00000358  A$LEDBlink$1665                    LEDBlink
C:   00000358  C$LCDInterface.c$111$2$61          LEDBlink
C:   00000358  XG$LCD_CMD_CLEAR$0$0               LEDBlink
C:   00000359  A$LEDBlink$1679                    LEDBlink
C:   00000359  C$LCDInterface.c$113$2$61          LEDBlink
C:   00000359  G$LCD_CMD_SET_CURSOR$0$0           LEDBlink
C:   00000359  _LCD_CMD_SET_CURSOR                LEDBlink
C:   0000035B  A$LEDBlink$1682                    LEDBlink
C:   0000035B  C$LCDInterface.c$115$1$64          LEDBlink
C:   0000035D  A$LEDBlink$1683                    LEDBlink
C:   0000035F  A$LEDBlink$1684                    LEDBlink
C:   00000361  A$LEDBlink$1687                    LEDBlink
C:   00000361  C$LCDInterface.c$117$2$65          LEDBlink
ASxxxx Linker V03.00 + NoICE + sdld,  page 34.
Hexadecimal  [32-Bits]

Area                                    Addr        Size        Decimal Bytes (Attributes)
--------------------------------        ----        ----        ------- ----- ------------
CSEG                                000000E1    000009BA =        2490. bytes (REL,CON,CODE)

      Value  Global                              Global Defined In Module
      -----  --------------------------------   ------------------------
C:   00000364  A$LEDBlink$1691                    LEDBlink
C:   00000364  C$LCDInterface.c$120$1$64          LEDBlink
C:   00000366  A$LEDBlink$1692                    LEDBlink
C:   00000369  A$LEDBlink$1693                    LEDBlink
C:   0000036A  A$LEDBlink$1694                    LEDBlink
C:   0000036B  A$LEDBlink$1695                    LEDBlink
C:   0000036D  A$LEDBlink$1696                    LEDBlink
C:   0000036F  A$LEDBlink$1697                    LEDBlink
C:   00000372  A$LEDBlink$1698                    LEDBlink
C:   00000375  A$LEDBlink$1701                    LEDBlink
C:   00000375  C$LCDInterface.c$121$1$64          LEDBlink
[...]
C:   000008AB  C$TetrisLogic.c$645$3$139          LEDBlink
C:   000008AE  A$LEDBlink$2966                    LEDBlink
C:   000008B1  A$LEDBlink$2967                    LEDBlink
C:   000008B3  A$LEDBlink$2968                    LEDBlink
C:   000008B5  A$LEDBlink$2969                    LEDBlink
C:   000008B7  A$LEDBlink$2972                    LEDBlink
C:   000008B7  C$TetrisLogic.c$647$3$139          LEDBlink
C:   000008BA  A$LEDBlink$2975                    LEDBlink
C:   000008BA  C$TetrisLogic.c$649$4$139          LEDBlink
C:   000008BC  A$LEDBlink$2978                    LEDBlink
C:   000008BC  C$TetrisLogic.c$650$4$140          LEDBlink
C:   000008BE  A$LEDBlink$2981                    LEDBlink
C:   000008BE  C$TetrisLogic.c$651$4$140          LEDBlink
C:   000008C0  A$LEDBlink$2982                    LEDBlink
C:   000008C3  A$LEDBlink$2983                    LEDBlink
C:   000008C4  A$LEDBlink$2984                    LEDBlink
C:   000008C7  A$LEDBlink$2985                    LEDBlink
ASxxxx Linker V03.00 + NoICE + sdld,  page 52.
Hexadecimal  [32-Bits]

Area                                    Addr        Size        Decimal Bytes (Attributes)
--------------------------------        ----        ----        ------- ----- ------------
CSEG                                000000E1    000009BA =        2490. bytes (REL,CON,CODE)

      Value  Global                              Global Defined In Module
      -----  --------------------------------   ------------------------
C:   000008C8  A$LEDBlink$2986                    LEDBlink
C:   000008C9  A$LEDBlink$2987                    LEDBlink
C:   000008CA  A$LEDBlink$2988                    LEDBlink
C:   000008CC  A$LEDBlink$2989                    LEDBlink
C:   000008CD  A$LEDBlink$2990                    LEDBlink
C:   000008CF  A$LEDBlink$2993                    LEDBlink
C:   000008CF  C$TetrisLogic.c$653$5$141          LEDBlink
C:   000008D2  A$LEDBlink$2997                    LEDBlink
C:   000008D2  C$TetrisLogic.c$656$4$140          LEDBlink
C:   000008D5  A$LEDBlink$2998                    LEDBlink
C:   000008D8  A$LEDBlink$2999                    LEDBlink
C:   000008DA  A$LEDBlink$3000                    LEDBlink
C:   000008DC  A$LEDBlink$3001                    LEDBlink
C:   000008DE  A$LEDBlink$3002                    LEDBlink
C:   000008E1  A$LEDBlink$3003                    LEDBlink
C:   000008E3  A$LEDBlink$3004                    LEDBlink
C:   000008E5  A$LEDBlink$3005                    LEDBlink
C:   000008E7  A$LEDBlink$3006                    LEDBlink
C:   000008E9  A$LEDBlink$3007                    LEDBlink
C:   000008EB  A$LEDBlink$3010                    LEDBlink
C:   000008EB  C$TetrisLogic.c$658$5$142          LEDBlink
C:   000008ED  A$LEDBlink$3011                    LEDBlink
C:   000008EF  A$LEDBlink$3015                    LEDBlink
C:   000008EF  C$TetrisLogic.c$661$3$139          LEDBlink
C:   000008F0  A$LEDBlink$3018                    LEDBlink
C:   000008F0  C$TetrisLogic.c$663$4$143          LEDBlink
C:   000008F2  A$LEDBlink$3019                    LEDBlink
C:   000008F4  A$LEDBlink$3020                    LEDBlink
C:   000008F7  A$LEDBlink$3021                    LEDBlink
C:   000008F9  A$LEDBlink$3022                    LEDBlink
C:   000008FB  A$LEDBlink$3023                    LEDBlink
C:   000008FE  A$LEDBlink$3024                    LEDBlink
C:   00000900  A$LEDBlink$3025                    LEDBlink
C:   00000902  A$LEDBlink$3026                    LEDBlink
C:   00000904  A$LEDBlink$3027                    LEDBlink
C:   00000906  A$LEDBlink$3028                    LEDBlink
C:   00000907  A$LEDBlink$3029                    LEDBlink
C:   00000908  A$LEDBlink$3030                    LEDBlink
C:   0000090A  A$LEDBlink$3031                    LEDBlink
C:   0000090C  A$LEDBlink$3035                    LEDBlink
C:   0000090C  C$TetrisLogic.c$665$3$139          LEDBlink
C:   0000090F  A$LEDBlink$3038                    LEDBlink
C:   0000090F  C$TetrisLogic.c$667$4$144          LEDBlink
C:   00000912  A$LEDBlink$3039                    LEDBlink
C:   00000915  A$LEDBlink$3040                    LEDBlink
C:   00000917  A$LEDBlink$3041                    LEDBlink
C:   00000919  A$LEDBlink$3042                    LEDBlink
C:   0000091C  A$LEDBlink$3043                    LEDBlink
C:   0000091E  A$LEDBlink$3044                    LEDBlink
C:   00000920  A$LEDBlink$3045                    LEDBlink
C:   00000922  A$LEDBlink$3046                    LEDBlink
ASxxxx Linker V03.00 + NoICE + sdld,  page 53.
Hexadecimal  [32-Bits]

Area                                    Addr        Size        Decimal Bytes (Attributes)
--------------------------------        ----        ----        ------- ----- ------------
CSEG                                000000E1    000009BA =        2490. bytes (REL,CON,CODE)

      Value  Global                              Global Defined In Module
      -----  --------------------------------   ------------------------
C:   00000923  A$LEDBlink$3047                    LEDBlink
C:   00000925  A$LEDBlink$3048                    LEDBlink
C:   00000927  A$LEDBlink$3052                    LEDBlink
C:   00000927  C$TetrisLogic.c$674$3$139          LEDBlink
C:   00000928  A$LEDBlink$3053                    LEDBlink
C:   0000092A  A$LEDBlink$3054                    LEDBlink
C:   0000092C  A$LEDBlink$3055                    LEDBlink
C:   0000092E  A$LEDBlink$3056                    LEDBlink
C:   00000930  A$LEDBlink$3057                    LEDBlink
C:   00000932  A$LEDBlink$3060                    LEDBlink
C:   00000932  C$TetrisLogic.c$676$4$145          LEDBlink
C:   00000933  A$LEDBlink$3061                    LEDBlink
C:   00000935  A$LEDBlink$3062                    LEDBlink
C:   00000937  A$LEDBlink$3065                    LEDBlink
C:   00000937  C$TetrisLogic.c$677$4$145          LEDBlink
C:   0000093A  A$LEDBlink$3066                    LEDBlink
C:   0000093D  A$LEDBlink$3067                    LEDBlink
C:   0000093F  A$LEDBlink$3068                    LEDBlink
C:   00000941  A$LEDBlink$3069                    LEDBlink
C:   00000944  A$LEDBlink$3070                    LEDBlink
C:   00000946  A$LEDBlink$3071                    LEDBlink
C:   00000948  A$LEDBlink$3072                    LEDBlink
C:   0000094A  A$LEDBlink$3073                    LEDBlink
C:   0000094B  A$LEDBlink$3074                    LEDBlink
C:   0000094D  A$LEDBlink$3075                    LEDBlink
C:   0000094F  A$LEDBlink$3079                    LEDBlink
C:   0000094F  C$TetrisLogic.c$680$3$139          LEDBlink
C:   00000952  A$LEDBlink$3080                    LEDBlink
C:   00000955  A$LEDBlink$3081                    LEDBlink
C:   00000957  A$LEDBlink$3082                    LEDBlink
C:   00000959  A$LEDBlink$3083                    LEDBlink
C:   0000095C  A$LEDBlink$3084                    LEDBlink
C:   0000095E  A$LEDBlink$3085                    LEDBlink
C:   00000960  A$LEDBlink$3086                    LEDBlink
C:   00000962  A$LEDBlink$3087                    LEDBlink
C:   00000964  A$LEDBlink$3090                    LEDBlink
C:   00000964  C$TetrisLogic.c$682$4$146          LEDBlink
C:   00000967  A$LEDBlink$3091                    LEDBlink
C:   00000969  A$LEDBlink$3092                    LEDBlink
C:   0000096B  A$LEDBlink$3093                    LEDBlink
C:   0000096E  A$LEDBlink$3096                    LEDBlink
C:   0000096E  C$TetrisLogic.c$683$4$146          LEDBlink
C:   00000971  A$LEDBlink$3099                    LEDBlink
C:   00000971  C$TetrisLogic.c$685$4$146          LEDBlink
C:   00000974  A$LEDBlink$3100                    LEDBlink
C:   00000977  A$LEDBlink$3101                    LEDBlink
C:   0000097A  A$LEDBlink$3102                    LEDBlink
C:   0000097C  A$LEDBlink$3103                    LEDBlink
C:   0000097E  A$LEDBlink$3104                    LEDBlink
C:   00000980  A$LEDBlink$3105                    LEDBlink
C:   00000982  A$LEDBlink$3106                    LEDBlink
ASxxxx Linker V03.00 + NoICE + sdld,  page 54.
Hexadecimal  [32-Bits]

Area                                    Addr        Size        Decimal Bytes (Attributes)
--------------------------------        ----        ----        ------- ----- ------------
CSEG                                000000E1    000009BA =        2490. bytes (REL,CON,CODE)

      Value  Global                              Global Defined In Module
      -----  --------------------------------   ------------------------
C:   00000985  A$LEDBlink$3107                    LEDBlink
C:   00000988  A$LEDBlink$3108                    LEDBlink
C:   0000098A  A$LEDBlink$3109                    LEDBlink
C:   0000098C  A$LEDBlink$3110                    LEDBlink
C:   0000098F  A$LEDBlink$3111                    LEDBlink
C:   00000991  A$LEDBlink$3112                    LEDBlink
C:   00000993  A$LEDBlink$3113                    LEDBlink
C:   00000995  A$LEDBlink$3114                    LEDBlink
C:   00000997  A$LEDBlink$3118                    LEDBlink
C:   00000997  C$TetrisLogic.c$687$5$147          LEDBlink
C:   00000999  A$LEDBlink$3121                    LEDBlink
C:   00000999  C$TetrisLogic.c$688$5$147          LEDBlink
C:   0000099B  A$LEDBlink$3122                    LEDBlink
C:   0000099D  A$LEDBlink$3123                    LEDBlink
C:   000009A0  A$LEDBlink$3126                    LEDBlink
C:   000009A0  C$TetrisLogic.c$690$5$147          LEDBlink
C:   000009A3  A$LEDBlink$3129                    LEDBlink
C:   000009A3  C$TetrisLogic.c$691$5$147          LEDBlink
C:   000009A6  A$LEDBlink$3130                    LEDBlink
C:   000009A9  A$LEDBlink$3131                    LEDBlink
C:   000009AC  A$LEDBlink$3132                    LEDBlink
C:   000009AF  A$LEDBlink$3133                    LEDBlink
C:   000009B2  A$LEDBlink$3134                    LEDBlink
C:   000009B4  A$LEDBlink$3135                    LEDBlink
C:   000009B6  A$LEDBlink$3139                    LEDBlink
C:   000009B6  C$TetrisLogic.c$696$3$139          LEDBlink
C:   000009B9  A$LEDBlink$3142                    LEDBlink
C:   000009B9  C$TetrisLogic.c$698$4$148          LEDBlink
C:   000009BC  A$LEDBlink$3143                    LEDBlink
C:   000009BE  A$LEDBlink$3144                    LEDBlink
C:   000009C0  A$LEDBlink$3145                    LEDBlink
C:   000009C3  A$LEDBlink$3148                    LEDBlink
C:   000009C3  C$TetrisLogic.c$699$4$148          LEDBlink
C:   000009C6  A$LEDBlink$3149                    LEDBlink
C:   000009C9  A$LEDBlink$3150                    LEDBlink
C:   000009CC  A$LEDBlink$3151                    LEDBlink
C:   000009CE  A$LEDBlink$3152                    LEDBlink
C:   000009D0  A$LEDBlink$3156                    LEDBlink
C:   000009D0  C$TetrisLogic.c$704$2$137          LEDBlink
C:   000009D2  A$LEDBlink$3157                    LEDBlink
C:   000009D4  A$LEDBlink$3160                    LEDBlink
C:   000009D4  C$TetrisLogic.c$705$2$137          LEDBlink
C:   000009D7  A$LEDBlink$3161                    LEDBlink
C:   000009DA  A$LEDBlink$3164                    LEDBlink
C:   000009DA  C$TetrisLogic.c$708$1$136          LEDBlink
C:   000009DA  XG$TetrisLogicLoop$0$0             LEDBlink
C:   000009DB  A$LEDBlink$3179                    LEDBlink
C:   000009DB  C$LEDBlink.c$80$1$136              LEDBlink
C:   000009DB  C$LEDBlink.c$87$1$149              LEDBlink
C:   000009DB  G$main$0$0                         LEDBlink
C:   000009DB  _main                              LEDBlink
ASxxxx Linker V03.00 + NoICE + sdld,  page 55.
Hexadecimal  [32-Bits]

Area                                    Addr        Size        Decimal Bytes (Attributes)
--------------------------------        ----        ----        ------- ----- ------------
CSEG                                000000E1    000009BA =        2490. bytes (REL,CON,CODE)

      Value  Global                              Global Defined In Module
      -----  --------------------------------   ------------------------
C:   000009DE  A$LEDBlink$3182                    LEDBlink
C:   000009DE  C$LEDBlink.c$89$1$149              LEDBlink
C:   000009E1  A$LEDBlink$3185                    LEDBlink
C:   000009E1  C$LEDBlink.c$90$1$149              LEDBlink
C:   000009E4  A$LEDBlink$3188                    LEDBlink
C:   000009E4  C$LEDBlink.c$91$1$149              LEDBlink
C:   000009E7  A$LEDBlink$3191                    LEDBlink
C:   000009E7  C$LEDBlink.c$92$1$149              LEDBlink
C:   000009EA  A$LEDBlink$3192                    LEDBlink
C:   000009ED  A$LEDBlink$3193                    LEDBlink
C:   000009F0  A$LEDBlink$3196                    LEDBlink
C:   000009F0  C$LEDBlink.c$93$1$149              LEDBlink
C:   000009F3  A$LEDBlink$3199                    LEDBlink
C:   000009F3  C$LEDBlink.c$96$1$149              LEDBlink
C:   000009F6  A$LEDBlink$3200                    LEDBlink
C:   000009F9  A$LEDBlink$3201                    LEDBlink
C:   000009FC  A$LEDBlink$3202                    LEDBlink
C:   000009FF  A$LEDBlink$3203                    LEDBlink
C:   00000A02  A$LEDBlink$3206                    LEDBlink
C:   00000A02  C$LEDBlink.c$97$1$149              LEDBlink
C:   00000A05  A$LEDBlink$3207                    LEDBlink
C:   00000A08  A$LEDBlink$3208                    LEDBlink
C:   00000A0B  A$LEDBlink$3209                    LEDBlink
C:   00000A0E  A$LEDBlink$3210                    LEDBlink
C:   00000A11  A$LEDBlink$3213                    LEDBlink
C:   00000A11  C$LEDBlink.c$98$1$149              LEDBlink
C:   00000A14  A$LEDBlink$3214                    LEDBlink
C:   00000A17  A$LEDBlink$3215                    LEDBlink
C:   00000A1A  A$LEDBlink$3216                    LEDBlink
C:   00000A1D  A$LEDBlink$3217                    LEDBlink
C:   00000A20  A$LEDBlink$3220                    LEDBlink
C:   00000A20  C$LEDBlink.c$99$1$149              LEDBlink
C:   00000A23  A$LEDBlink$3221                    LEDBlink
C:   00000A26  A$LEDBlink$3222                    LEDBlink
C:   00000A29  A$LEDBlink$3223                    LEDBlink
C:   00000A2C  A$LEDBlink$3224                    LEDBlink
C:   00000A2F  A$LEDBlink$3227                    LEDBlink
C:   00000A2F  C$LEDBlink.c$100$1$149             LEDBlink
C:   00000A32  A$LEDBlink$3228                    LEDBlink
C:   00000A35  A$LEDBlink$3229                    LEDBlink
C:   00000A38  A$LEDBlink$3230                    LEDBlink
C:   00000A3B  A$LEDBlink$3231                    LEDBlink
C:   00000A3E  A$LEDBlink$3234                    LEDBlink
C:   00000A3E  C$LEDBlink.c$101$1$149             LEDBlink
C:   00000A41  A$LEDBlink$3235                    LEDBlink
C:   00000A44  A$LEDBlink$3236                    LEDBlink
C:   00000A47  A$LEDBlink$3237                    LEDBlink
C:   00000A4A  A$LEDBlink$3238                    LEDBlink
C:   00000A4D  A$LEDBlink$3241                    LEDBlink
C:   00000A4D  C$LEDBlink.c$102$1$149             LEDBlink
C:   00000A50  A$LEDBlink$3242                    LEDBlink
ASxxxx Linker V03.00 + NoICE + sdld,  page 56.
Hexadecimal  [32-Bits]

Area                                    Addr        Size        Decimal Bytes (Attributes)
--------------------------------        ----        ----        ------- ----- ------------
CSEG                                000000E1    000009BA =        2490. bytes (REL,CON,CODE)

      Value  Global                              Global Defined In Module
      -----  --------------------------------   ------------------------
C:   00000A53  A$LEDBlink$3243                    LEDBlink
C:   00000A56  A$LEDBlink$3244                    LEDBlink
C:   00000A59  A$LEDBlink$3245                    LEDBlink
C:   00000A5C  A$LEDBlink$3248                    LEDBlink
C:   00000A5C  C$LEDBlink.c$113$1$149             LEDBlink
C:   00000A5F  A$LEDBlink$3251                    LEDBlink
C:   00000A5F  C$LEDBlink.c$115$1$149             LEDBlink
C:   00000A62  A$LEDBlink$3257                    LEDBlink
C:   00000A62  C$LEDBlink.c$118$1$149             LEDBlink
C:   00000A62  C$LEDBlink.c$133$2$150             LEDBlink
C:   00000A65  A$LEDBlink$3258                    LEDBlink
C:   00000A68  A$LEDBlink$3261                    LEDBlink
C:   00000A68  C$LEDBlink.c$135$3$151             LEDBlink
C:   00000A6B  A$LEDBlink$3264                    LEDBlink
C:   00000A6B  C$LEDBlink.c$136$3$151             LEDBlink
C:   00000A6E  A$LEDBlink$3265                    LEDBlink
C:   00000A71  A$LEDBlink$3266                    LEDBlink
C:   00000A74  A$LEDBlink$3267                    LEDBlink
C:   00000A76  A$LEDBlink$3271                    LEDBlink
C:   00000A76  C$LEDBlink.c$145$2$150             LEDBlink
C:   00000A78  A$LEDBlink$3274                    LEDBlink
C:   00000A78  C$LEDBlink.c$186$1$149             LEDBlink
C:   00000A7A  A$LEDBlink$3277                    LEDBlink
C:   00000A7A  C$LEDBlink.c$187$1$149             LEDBlink
C:   00000A7A  XG$main$0$0                        LEDBlink
C:   00000A7B  __gptrget                          _gptrget
C:   00000A97  __sdcc_external_startup            _startup

ASxxxx Linker V03.00 + NoICE + sdld,  page 57.
Hexadecimal  [32-Bits]

Area                                    Addr        Size        Decimal Bytes (Attributes)
--------------------------------        ----        ----        ------- ----- ------------
CONST                               00000A9B    00000082 =         130. bytes (REL,CON,CODE)

      Value  Global                              Global Defined In Module
      -----  --------------------------------   ------------------------
C:   00000A9B  G$LCD_ROW_OFFSETS$0$0              LEDBlink
C:   00000A9B  _LCD_ROW_OFFSETS                   LEDBlink
C:   00000A9F  G$LCDCharTopShapeData$0$0          LEDBlink
C:   00000A9F  _LCDCharTopShapeData               LEDBlink
C:   00000AA7  G$LCDCharMiddleShapeData$0$0       LEDBlink
C:   00000AA7  _LCDCharMiddleShapeData            LEDBlink
C:   00000AAF  G$LCDCharTopTwoShapeData$0$0       LEDBlink
C:   00000AAF  _LCDCharTopTwoShapeData            LEDBlink
C:   00000AB7  G$LCDCharBottomShapeData$0$0       LEDBlink
C:   00000AB7  _LCDCharBottomShapeData            LEDBlink
C:   00000ABF  G$LCDCharTopAndBottomShapeData$0   LEDBlink
C:   00000ABF  _LCDCharTopAndBottomShapeData      LEDBlink
C:   00000AC7  G$LCDCharBottomTwoShapeData$0$0    LEDBlink
C:   00000AC7  _LCDCharBottomTwoShapeData         LEDBlink
C:   00000ACF  G$LCDCharThreeShapeData$0$0        LEDBlink
C:   00000ACF  _LCDCharThreeShapeData             LEDBlink
C:   00000AD7  G$LCDCharIndicesMap$0$0            LEDBlink
C:   00000AD7  _LCDCharIndicesMap                 LEDBlink
C:   00000ADF  FLEDBlink$g_TetrisSchapesData$0$   LEDBlink
C:   00000B0C  G$TetrisShapes$0$0                 LEDBlink
C:   00000B0C  _TetrisShapes                      LEDBlink
C:   00000B13  FLEDBlink$_str_0$0$0               LEDBlink

ASxxxx Linker V03.00 + NoICE + sdld,  page 58.

Files Linked                              [ module(s) ]

LEDBlink.rel                              [  ]


Libraries Linked                          [ object file ]

/usr/bin/../share/sdcc/lib/small/mcs51.lib
                                          [ crtclear.rel ]
/usr/bin/../share/sdcc/lib/small/mcs51.lib
                                          [ crtxinit.rel ]
/usr/bin/../share/sdcc/lib/small/mcs51.lib
                                          [ crtxclear.rel ]
/usr/bin/../share/sdcc/lib/small/mcs51.lib
                                          [ crtpagesfr.rel ]
/usr/bin/../share/sdcc/lib/small/mcs51.lib
                                          [ crtstart.rel ]
/usr/bin/../share/sdcc/lib/small/libsdcc.lib
                                          [ _gptrget.rel ]
/usr/bin/../share/sdcc/lib/small/libsdcc.lib
                                          [ _startup.rel ]

ASxxxx Linker V03.00 + NoICE + sdld,  page 59.

User Base Address Definitions

HOME = 0x0000
ISEG = 0x0000
BSEG = 0x0000

